
Running 27 tests using 2 workers

✓ Test session created and saved to e2e/.auth/user.json
  Test user email: e2e-1788709953330-392253-kth2px@example.com
  Auth token cookie: sb-127-auth-token
Warming client bundles...
✓ Client bundles warmed (hydration complete)
  ✓   1 [setup] › e2e/auth.setup.ts:60:6 › authenticate and save state (3.3s)
  ✓   3 [anon] › e2e/kudos-live-board.spec.ts:181:7 › Kudos Live Board screen — /kudos (anon) › K-0 — route loads publicly without redirect and renders h1 (1.4s)
[WebServer] [browser] Image with src "http://127.0.0.1:3000/images/home/kudos-logo.svg" has either width or height modified, but not the other. If you use CSS to change the size of your image, also include the styles 'width: "auto"' or 'height: "auto"' to maintain the aspect ratio.
[WebServer] [browser] Image with src "/images/kudos/kv-background.png" has either width or height modified, but not the other. If you use CSS to change the size of your image, also include the styles 'width: "auto"' or 'height: "auto"' to maintain the aspect ratio.
  ✓   2 [kudos-authed] › e2e/kudos-live-board-authed.spec.ts:24:7 › Kudos Live Board screen — /kudos (kudos-authed) › K-10 — heart toggle flips aria-pressed and updates count by 1 (1.6s)
[WebServer] ⨯ Error: aborted
[WebServer]     at ignore-listed frames {
[WebServer]   code: 'ECONNRESET'
[WebServer] }
  ✓   4 [anon] › e2e/kudos-live-board.spec.ts:192:7 › Kudos Live Board screen — /kudos (anon) › K-1 — hero renders compose bar and Sunner search with correct placeholders (1.1s)
[WebServer] [browser] Image with src "http://127.0.0.1:3000/images/home/kudos-logo.svg" has either width or height modified, but not the other. If you use CSS to change the size of your image, also include the styles 'width: "auto"' or 'height: "auto"' to maintain the aspect ratio.
[WebServer] [browser] Image with src "/images/kudos/kv-background.png" has either width or height modified, but not the other. If you use CSS to change the size of your image, also include the styles 'width: "auto"' or 'height: "auto"' to maintain the aspect ratio.
  ✓   6 [anon] › e2e/kudos-live-board.spec.ts:209:7 › Kudos Live Board screen — /kudos (anon) › K-2 — HIGHLIGHT KUDOS section renders heading, eyebrow, and filters (722ms)
[WebServer] [browser] Image with src "http://127.0.0.1:3000/images/home/kudos-logo.svg" has either width or height modified, but not the other. If you use CSS to change the size of your image, also include the styles 'width: "auto"' or 'height: "auto"' to maintain the aspect ratio.
[WebServer] [browser] Image with src "/images/kudos/kv-background.png" has either width or height modified, but not the other. If you use CSS to change the size of your image, also include the styles 'width: "auto"' or 'height: "auto"' to maintain the aspect ratio.
[WebServer] [browser] Image with src "http://127.0.0.1:3000/images/home/kudos-logo.svg" has either width or height modified, but not the other. If you use CSS to change the size of your image, also include the styles 'width: "auto"' or 'height: "auto"' to maintain the aspect ratio.
[WebServer] [browser] Image with src "/images/kudos/kv-background.png" has either width or height modified, but not the other. If you use CSS to change the size of your image, also include the styles 'width: "auto"' or 'height: "auto"' to maintain the aspect ratio.
  ✓   7 [anon] › e2e/kudos-live-board.spec.ts:229:7 › Kudos Live Board screen — /kudos (anon) › K-3 — filter menus: hashtag has 13 options, department has 48 (3.6s)
  ✓   8 [anon] › e2e/kudos-live-board.spec.ts:252:7 › Kudos Live Board screen — /kudos (anon) › K-4 — carousel renders at most 5 slides with centre slide aria-current (807ms)
[WebServer] [browser] Image with src "http://127.0.0.1:3000/images/home/kudos-logo.svg" has either width or height modified, but not the other. If you use CSS to change the size of your image, also include the styles 'width: "auto"' or 'height: "auto"' to maintain the aspect ratio.
[WebServer] [browser] Image with src "/images/kudos/kv-background.png" has either width or height modified, but not the other. If you use CSS to change the size of your image, also include the styles 'width: "auto"' or 'height: "auto"' to maintain the aspect ratio.
  ✓   9 [anon] › e2e/kudos-live-board.spec.ts:276:7 › Kudos Live Board screen — /kudos (anon) › K-5 — carousel pagination text matches expected format (935ms)
  ✓   5 [kudos-authed] › e2e/kudos-live-board-authed.spec.ts:53:7 › Kudos Live Board screen — /kudos (kudos-authed) › K-25 — heart persists across page reload (7.1s)
  ✓  10 [anon] › e2e/kudos-live-board.spec.ts:289:7 › Kudos Live Board screen — /kudos (anon) › K-6 — carousel arrows: prev disabled at slide 1, next disabled at last (637ms)
[WebServer] [browser] Image with src "http://127.0.0.1:3000/images/home/kudos-logo.svg" has either width or height modified, but not the other. If you use CSS to change the size of your image, also include the styles 'width: "auto"' or 'height: "auto"' to maintain the aspect ratio.
[WebServer] [browser] Image with src "/images/kudos/kv-background.png" has either width or height modified, but not the other. If you use CSS to change the size of your image, also include the styles 'width: "auto"' or 'height: "auto"' to maintain the aspect ratio.
  ✓  11 [anon] › e2e/kudos-live-board.spec.ts:309:7 › Kudos Live Board screen — /kudos (anon) › K-7 — carousel next/prev buttons move the slide (937ms)
[WebServer] [browser] Image with src "http://127.0.0.1:3000/images/home/kudos-logo.svg" has either width or height modified, but not the other. If you use CSS to change the size of your image, also include the styles 'width: "auto"' or 'height: "auto"' to maintain the aspect ratio.
[WebServer] [browser] Image with src "/images/kudos/kv-background.png" has either width or height modified, but not the other. If you use CSS to change the size of your image, also include the styles 'width: "auto"' or 'height: "auto"' to maintain the aspect ratio.
  ✓  12 [anon] › e2e/kudos-live-board.spec.ts:326:7 › Kudos Live Board screen — /kudos (anon) › K-8 — filter selection resets carousel to slide 1 (816ms)
  ✓  13 [anon] › e2e/kudos-live-board.spec.ts:342:7 › Kudos Live Board screen — /kudos (anon) › K-9 — kudos card renders sender, receiver, badge, time, campaign, hashtags, heart (613ms)
  ✓  14 [anon] › e2e/kudos-live-board.spec.ts:385:7 › Kudos Live Board screen — /kudos (anon) › K-24 — every kudos-heart is disabled for anon viewer (693ms)
[WebServer] [browser] Image with src "http://127.0.0.1:3000/images/home/kudos-logo.svg" has either width or height modified, but not the other. If you use CSS to change the size of your image, also include the styles 'width: "auto"' or 'height: "auto"' to maintain the aspect ratio.
[WebServer] [browser] Image with src "/images/kudos/kv-background.png" has either width or height modified, but not the other. If you use CSS to change the size of your image, also include the styles 'width: "auto"' or 'height: "auto"' to maintain the aspect ratio.
  ✓  15 [anon] › e2e/kudos-live-board.spec.ts:409:7 › Kudos Live Board screen — /kudos (anon) › K-11 — Copy Link shows toast with correct message (728ms)
  ✓  16 [anon] › e2e/kudos-live-board.spec.ts:427:7 › Kudos Live Board screen — /kudos (anon) › K-12 — Xem chi tiết link present on highlight cards (531ms)
  ✓  17 [anon] › e2e/kudos-live-board.spec.ts:442:7 › Kudos Live Board screen — /kudos (anon) › K-13 — SPOTLIGHT BOARD renders heading, count, and search (552ms)
[WebServer] [browser] Image with src "http://127.0.0.1:3000/images/home/kudos-logo.svg" has either width or height modified, but not the other. If you use CSS to change the size of your image, also include the styles 'width: "auto"' or 'height: "auto"' to maintain the aspect ratio.
[WebServer] [browser] Image with src "/images/kudos/kv-background.png" has either width or height modified, but not the other. If you use CSS to change the size of your image, also include the styles 'width: "auto"' or 'height: "auto"' to maintain the aspect ratio.
  ✓  18 [anon] › e2e/kudos-live-board.spec.ts:469:7 › Kudos Live Board screen — /kudos (anon) › K-14 — spotlight nodes present and search narrows them (729ms)
  ✓  19 [anon] › e2e/kudos-live-board.spec.ts:489:7 › Kudos Live Board screen — /kudos (anon) › K-15 — spotlight pan/zoom and expand buttons have aria-pressed (625ms)
  ✓  20 [anon] › e2e/kudos-live-board.spec.ts:503:7 › Kudos Live Board screen — /kudos (anon) › K-16 — spotlight ticker rows present (538ms)
  ✓  21 [anon] › e2e/kudos-live-board.spec.ts:511:7 › Kudos Live Board screen — /kudos (anon) › K-17 — ALL KUDOS section renders heading and feed (559ms)
  ✓  22 [anon] › e2e/kudos-live-board.spec.ts:535:7 › Kudos Live Board screen — /kudos (anon) › K-18 — sidebar renders 5 stat rows in exact order (603ms)
  ✓  23 [anon] › e2e/kudos-live-board.spec.ts:553:7 › Kudos Live Board screen — /kudos (anon) › K-19 — Secret Box button present with correct label and href (520ms)
  ✓  24 [anon] › e2e/kudos-live-board.spec.ts:565:7 › Kudos Live Board screen — /kudos (anon) › K-20 — gift leaderboard heading present (498ms)
  ✓  25 [anon] › e2e/kudos-live-board.spec.ts:574:7 › Kudos Live Board screen — /kudos (anon) › K-21 — placeholder routes /kudos/new, /kudos/secret-box, /kudos/[id] render ComingSoon (6.6s)
  ✓  26 [anon] › e2e/kudos-live-board.spec.ts:601:7 › Kudos Live Board screen — /kudos (anon) › K-22 — compose bar links to /kudos/new (619ms)
  ✓  27 [anon] › e2e/kudos-live-board.spec.ts:610:7 › Kudos Live Board screen — /kudos (anon) › K-23 — Sunner search maxlength is 100 (497ms)

  27 passed (1.5m)
