
Running 13 tests using 1 worker

✓ Test session created and saved to e2e/.auth/user.json
  Test user email: e2e-1788654822765-2032180-vlmldw@example.com
  Auth token cookie: sb-127-auth-token
Warming client bundles...
✓ Client bundles warmed (hydration complete)
  ✓   1 [setup] › e2e/auth.setup.ts:60:6 › authenticate and save state (3.3s)
  ✓   2 [anon] › e2e/award-system.spec.ts:136:7 › Award System screen — /awards-information (anon) › ID-0/2 — route loads without redirect and the header nav item reaches it and is aria-current=page (1.2s)
  ✘   3 [anon] › e2e/award-system.spec.ts:161:7 › Award System screen — /awards-information (anon) › ID-3 — page structure renders banner, h1, award-nav, six award sections, Kudos block and footer in document order (5.4s)
  ✘   4 [anon] › e2e/award-system.spec.ts:191:7 › Award System screen — /awards-information (anon) › ID-4 — hero title block shows the eyebrow and the exact page heading (5.4s)
  ✘   5 [anon] › e2e/award-system.spec.ts:204:7 › Award System screen — /awards-information (anon) › ID-5 — left category menu lists exactly 6 items in design order (5.4s)
  ✘   6 [anon] › e2e/award-system.spec.ts:222:7 › Award System screen — /awards-information (anon) › ID-6 — all six awards render title, quantity, unit, prize amounts and notes (5.4s)
  ✘   7 [anon] › e2e/award-system.spec.ts:262:7 › Award System screen — /awards-information (anon) › ID-7 — every award card renders its image with the award title as alt text (5.4s)
  ✘   8 [anon] › e2e/award-system.spec.ts:278:7 › Award System screen — /awards-information (anon) › ID-8 — Sun* Kudos block renders eyebrow, title, subtitle and the Chi tiết control (5.4s)
  ✘   9 [anon] › e2e/award-system.spec.ts:293:7 › Award System screen — /awards-information (anon) › ID-9/11 — clicking each menu item scrolls to its section and keeps exactly one active item (5.4s)
  ✘  10 [anon] › e2e/award-system.spec.ts:327:7 › Award System screen — /awards-information (anon) › ID-10 — menu items are interactive links that respond to hover (5.4s)
  ✘  11 [anon] › e2e/award-system.spec.ts:344:7 › Award System screen — /awards-information (anon) › ID-12 — Kudos Chi tiết control navigates to /kudos (5.4s)
  ✘  12 [anon] › e2e/award-system.spec.ts:356:7 › Award System screen — /awards-information (anon) › ID-13 — an invalid hash raises no page error and the screen stays functional (5.4s)
  ✘  13 [anon] › e2e/award-system.spec.ts:390:7 › Award System screen — /awards-information (anon) › Deep link — /awards-information#mvp lands on the MVP section with its menu item active (5.5s)


  1) [anon] › e2e/award-system.spec.ts:161:7 › Award System screen — /awards-information (anon) › ID-3 — page structure renders banner, h1, award-nav, six award sections, Kudos block and footer in document order 

    Error: expect(locator).toBeVisible() failed

    Locator: getByRole('heading', { name: 'Hệ thống giải thưởng SAA 2025', level: 1 })
    Expected: visible
    Timeout: 5000ms
    Error: element(s) not found

    Call log:
      - Expect "toBeVisible" with timeout 5000ms
      - waiting for getByRole('heading', { name: 'Hệ thống giải thưởng SAA 2025', level: 1 })


      173 |     const ordered = [banner, heading, nav, ...sections, kudos, footer];
      174 |     for (const locator of ordered) {
    > 175 |       await expect(locator).toBeVisible();
          |                             ^
      176 |     }
      177 |
      178 |     // Every award section is addressable by its slug id too (deep-link target).
        at /mnt/c/Users/nguyen.van.dungc/Desktop/project/my-app/e2e/award-system.spec.ts:175:29

    Error Context: test-results/award-system-Award-System--9ed79-nd-footer-in-document-order-anon/error-context.md

  2) [anon] › e2e/award-system.spec.ts:191:7 › Award System screen — /awards-information (anon) › ID-4 — hero title block shows the eyebrow and the exact page heading 

    Error: expect(locator).toBeVisible() failed

    Locator: getByText('Sun* Annual Awards 2025', { exact: true })
    Expected: visible
    Timeout: 5000ms
    Error: element(s) not found

    Call log:
      - Expect "toBeVisible" with timeout 5000ms
      - waiting for getByText('Sun* Annual Awards 2025', { exact: true })


      194 |     await page.goto(ROUTE);
      195 |
    > 196 |     await expect(page.getByText(HERO_EYEBROW, { exact: true })).toBeVisible();
          |                                                                 ^
      197 |
      198 |     const heading = page.getByRole("heading", { level: 1 });
      199 |     await expect(heading).toBeVisible();
        at /mnt/c/Users/nguyen.van.dungc/Desktop/project/my-app/e2e/award-system.spec.ts:196:65

    Error Context: test-results/award-system-Award-System--6b604--and-the-exact-page-heading-anon/error-context.md

  3) [anon] › e2e/award-system.spec.ts:204:7 › Award System screen — /awards-information (anon) › ID-5 — left category menu lists exactly 6 items in design order 

    Error: expect(locator).toBeVisible() failed

    Locator: getByTestId('award-nav')
    Expected: visible
    Timeout: 5000ms
    Error: element(s) not found

    Call log:
      - Expect "toBeVisible" with timeout 5000ms
      - waiting for getByTestId('award-nav')


      206 |
      207 |     const nav = awardNav(page);
    > 208 |     await expect(nav).toBeVisible();
          |                       ^
      209 |
      210 |     const items = nav.getByRole("link");
      211 |     await expect(items).toHaveCount(AWARDS.length);
        at /mnt/c/Users/nguyen.van.dungc/Desktop/project/my-app/e2e/award-system.spec.ts:208:23

    Error Context: test-results/award-system-Award-System--17fac-tly-6-items-in-design-order-anon/error-context.md

  4) [anon] › e2e/award-system.spec.ts:222:7 › Award System screen — /awards-information (anon) › ID-6 — all six awards render title, quantity, unit, prize amounts and notes 

    Error: expect(locator).toBeVisible() failed

    Locator: getByTestId('award-detail-top-talent')
    Expected: visible
    Timeout: 5000ms
    Error: element(s) not found

    Call log:
      - Expect "toBeVisible" with timeout 5000ms
      - waiting for getByTestId('award-detail-top-talent')


      227 |     for (const award of AWARDS) {
      228 |       const section = awardSection(page, award.slug);
    > 229 |       await expect(section).toBeVisible();
          |                             ^
      230 |
      231 |       // Title
      232 |       await expect(section.getByText(award.title, { exact: true })).toBeVisible();
        at /mnt/c/Users/nguyen.van.dungc/Desktop/project/my-app/e2e/award-system.spec.ts:229:29

    Error Context: test-results/award-system-Award-System--e4319-nit-prize-amounts-and-notes-anon/error-context.md

  5) [anon] › e2e/award-system.spec.ts:262:7 › Award System screen — /awards-information (anon) › ID-7 — every award card renders its image with the award title as alt text 

    Error: expect(locator).toBeVisible() failed

    Locator: getByTestId('award-detail-top-talent').getByRole('img', { name: 'Top Talent', exact: true })
    Expected: visible
    Timeout: 5000ms
    Error: element(s) not found

    Call log:
      - Expect "toBeVisible" with timeout 5000ms
      - waiting for getByTestId('award-detail-top-talent').getByRole('img', { name: 'Top Talent', exact: true })


      270 |         exact: true,
      271 |       });
    > 272 |       await expect(image).toBeVisible();
          |                           ^
      273 |       await expect(image).toHaveAttribute("alt", award.title);
      274 |     }
      275 |   });
        at /mnt/c/Users/nguyen.van.dungc/Desktop/project/my-app/e2e/award-system.spec.ts:272:27

    Error Context: test-results/award-system-Award-System--cf8e4-the-award-title-as-alt-text-anon/error-context.md

  6) [anon] › e2e/award-system.spec.ts:278:7 › Award System screen — /awards-information (anon) › ID-8 — Sun* Kudos block renders eyebrow, title, subtitle and the Chi tiết control 

    Error: expect(locator).toBeVisible() failed

    Locator: locator('section').filter({ has: getByText('Sun* Kudos', { exact: true }) })
    Expected: visible
    Timeout: 5000ms
    Error: element(s) not found

    Call log:
      - Expect "toBeVisible" with timeout 5000ms
      - waiting for locator('section').filter({ has: getByText('Sun* Kudos', { exact: true }) })


      282 |
      283 |     const kudos = kudosSection(page);
    > 284 |     await expect(kudos).toBeVisible();
          |                         ^
      285 |     await expect(kudos.getByText("Phong trào ghi nhận", { exact: true })).toBeVisible();
      286 |     await expect(kudos.getByText("Sun* Kudos", { exact: true })).toBeVisible();
      287 |     await expect(kudos.getByText("ĐIỂM MỚI CỦA SAA 2025", { exact: true })).toBeVisible();
        at /mnt/c/Users/nguyen.van.dungc/Desktop/project/my-app/e2e/award-system.spec.ts:284:25

    Error Context: test-results/award-system-Award-System--fc4bf-le-and-the-Chi-tiết-control-anon/error-context.md

  7) [anon] › e2e/award-system.spec.ts:293:7 › Award System screen — /awards-information (anon) › ID-9/11 — clicking each menu item scrolls to its section and keeps exactly one active item 

    Error: expect(locator).toBeVisible() failed

    Locator: getByTestId('award-nav')
    Expected: visible
    Timeout: 5000ms
    Error: element(s) not found

    Call log:
      - Expect "toBeVisible" with timeout 5000ms
      - waiting for getByTestId('award-nav')


      295 |   }) => {
      296 |     await page.goto(ROUTE);
    > 297 |     await expect(awardNav(page)).toBeVisible();
          |                                  ^
      298 |
      299 |     let previousSlug: string | null = null;
      300 |
        at /mnt/c/Users/nguyen.van.dungc/Desktop/project/my-app/e2e/award-system.spec.ts:297:34

    Error Context: test-results/award-system-Award-System--14c8f-eps-exactly-one-active-item-anon/error-context.md

  8) [anon] › e2e/award-system.spec.ts:327:7 › Award System screen — /awards-information (anon) › ID-10 — menu items are interactive links that respond to hover 

    Error: expect(locator).toBeVisible() failed

    Locator: getByTestId('award-nav-top-talent')
    Expected: visible
    Timeout: 5000ms
    Error: element(s) not found

    Call log:
      - Expect "toBeVisible" with timeout 5000ms
      - waiting for getByTestId('award-nav-top-talent')


      330 |     for (const award of AWARDS) {
      331 |       const item = awardNavItem(page, award.slug);
    > 332 |       await expect(item).toBeVisible();
          |                          ^
      333 |       await expect(item).toHaveAttribute("href", `#${award.slug}`);
      334 |
      335 |       await item.hover();
        at /mnt/c/Users/nguyen.van.dungc/Desktop/project/my-app/e2e/award-system.spec.ts:332:26

    Error Context: test-results/award-system-Award-System--92c57-links-that-respond-to-hover-anon/error-context.md

  9) [anon] › e2e/award-system.spec.ts:344:7 › Award System screen — /awards-information (anon) › ID-12 — Kudos Chi tiết control navigates to /kudos 

    Error: expect(locator).toBeVisible() failed

    Locator: locator('section').filter({ has: getByText('Sun* Kudos', { exact: true }) }).getByRole('link', { name: /chi tiết/i })
    Expected: visible
    Timeout: 5000ms
    Error: element(s) not found

    Call log:
      - Expect "toBeVisible" with timeout 5000ms
      - waiting for locator('section').filter({ has: getByText('Sun* Kudos', { exact: true }) }).getByRole('link', { name: /chi tiết/i })


      346 |
      347 |     const detailLink = kudosSection(page).getByRole("link", { name: /chi tiết/i });
    > 348 |     await expect(detailLink).toBeVisible();
          |                              ^
      349 |     await detailLink.click();
      350 |
      351 |     await page.waitForURL(/\/kudos/);
        at /mnt/c/Users/nguyen.van.dungc/Desktop/project/my-app/e2e/award-system.spec.ts:348:30

    Error Context: test-results/award-system-Award-System--53030--control-navigates-to-kudos-anon/error-context.md

  10) [anon] › e2e/award-system.spec.ts:356:7 › Award System screen — /awards-information (anon) › ID-13 — an invalid hash raises no page error and the screen stays functional 

    Error: expect(locator).toBeVisible() failed

    Locator: getByRole('heading', { name: 'Hệ thống giải thưởng SAA 2025', level: 1 })
    Expected: visible
    Timeout: 5000ms
    Error: element(s) not found

    Call log:
      - Expect "toBeVisible" with timeout 5000ms
      - waiting for getByRole('heading', { name: 'Hệ thống giải thưởng SAA 2025', level: 1 })


      373 |
      374 |     // Screen still renders and is still operable.
    > 375 |     await expect(page.getByRole("heading", { level: 1, name: PAGE_TITLE })).toBeVisible();
          |                                                                             ^
      376 |     await expect(awardNav(page)).toBeVisible();
      377 |
      378 |     const item = awardNavItem(page, "top-project");
        at /mnt/c/Users/nguyen.van.dungc/Desktop/project/my-app/e2e/award-system.spec.ts:375:77

    Error Context: test-results/award-system-Award-System--187d6-the-screen-stays-functional-anon/error-context.md

  11) [anon] › e2e/award-system.spec.ts:390:7 › Award System screen — /awards-information (anon) › Deep link — /awards-information#mvp lands on the MVP section with its menu item active 

    Error: expect(locator).toBeInViewport() failed

    Locator: getByTestId('award-detail-mvp')
    Expected: in viewport
    Timeout: 5000ms
    Error: element(s) not found

    Call log:
      - Expect "toBeInViewport" with timeout 5000ms
      - waiting for getByTestId('award-detail-mvp')


      393 |     await page.goto(`${ROUTE}#mvp`);
      394 |
    > 395 |     await expect(awardSection(page, "mvp")).toBeInViewport();
          |                                             ^
      396 |     await expect(awardNavItem(page, "mvp")).toHaveAttribute("aria-current", "true");
      397 |     await expect(activeNavItems(page)).toHaveCount(1);
      398 |   });
        at /mnt/c/Users/nguyen.van.dungc/Desktop/project/my-app/e2e/award-system.spec.ts:395:45

    Error Context: test-results/award-system-Award-System--9c00f-n-with-its-menu-item-active-anon/error-context.md

  11 failed
    [anon] › e2e/award-system.spec.ts:161:7 › Award System screen — /awards-information (anon) › ID-3 — page structure renders banner, h1, award-nav, six award sections, Kudos block and footer in document order 
    [anon] › e2e/award-system.spec.ts:191:7 › Award System screen — /awards-information (anon) › ID-4 — hero title block shows the eyebrow and the exact page heading 
    [anon] › e2e/award-system.spec.ts:204:7 › Award System screen — /awards-information (anon) › ID-5 — left category menu lists exactly 6 items in design order 
    [anon] › e2e/award-system.spec.ts:222:7 › Award System screen — /awards-information (anon) › ID-6 — all six awards render title, quantity, unit, prize amounts and notes 
    [anon] › e2e/award-system.spec.ts:262:7 › Award System screen — /awards-information (anon) › ID-7 — every award card renders its image with the award title as alt text 
    [anon] › e2e/award-system.spec.ts:278:7 › Award System screen — /awards-information (anon) › ID-8 — Sun* Kudos block renders eyebrow, title, subtitle and the Chi tiết control 
    [anon] › e2e/award-system.spec.ts:293:7 › Award System screen — /awards-information (anon) › ID-9/11 — clicking each menu item scrolls to its section and keeps exactly one active item 
    [anon] › e2e/award-system.spec.ts:327:7 › Award System screen — /awards-information (anon) › ID-10 — menu items are interactive links that respond to hover 
    [anon] › e2e/award-system.spec.ts:344:7 › Award System screen — /awards-information (anon) › ID-12 — Kudos Chi tiết control navigates to /kudos 
    [anon] › e2e/award-system.spec.ts:356:7 › Award System screen — /awards-information (anon) › ID-13 — an invalid hash raises no page error and the screen stays functional 
    [anon] › e2e/award-system.spec.ts:390:7 › Award System screen — /awards-information (anon) › Deep link — /awards-information#mvp lands on the MVP section with its menu item active 
  2 passed (2.2m)
