
Running 53 tests using 6 workers

✓ Test session created and saved to e2e/.auth/user.json
  Test user email: e2e-1788662343858-2250773-09o05u@example.com
  Auth token cookie: sb-127-auth-token
Warming client bundles...
✓ Client bundles warmed (hydration complete)
  ✓   1 [setup] › e2e/auth.setup.ts:60:6 › authenticate and save state (3.8s)
  ✓   3 [anon] › e2e/callback-security.spec.ts:21:7 › Callback Security (anon project) › Host: evil.com on error branch is rejected (unauthenticated exploit) (722ms)
  ✓   8 [anon] › e2e/callback-security.spec.ts:41:7 › Callback Security (anon project) › Host: evil.com with neither code nor error is rejected (825ms)
  ✓   9 [anon] › e2e/callback-security.spec.ts:60:7 › Callback Security (anon project) › x-forwarded-host: evil.com is rejected (193ms)
  ✓  10 [anon] › e2e/callback-security.spec.ts:76:7 › Callback Security (anon project) › next as absolute URL to evil.com is rejected (226ms)
  ✓  11 [anon] › e2e/callback-security.spec.ts:91:7 › Callback Security (anon project) › next as protocol-relative //evil.com is rejected (754ms)
  ✓  12 [anon] › e2e/callback-security.spec.ts:108:7 › Callback Security (anon project) › next with backslash variant /\evil.com is rejected (325ms)
  ✓  13 [anon] › e2e/callback-security.spec.ts:126:7 › Callback Security (anon project) › next as a valid same-origin path is accepted in redirect (375ms)
  ✓   4 [anon] › e2e/login-screen.spec.ts:5:7 › Login Screen (anon project) › C1 [FR-201, US003] — renders header, hero, ROOT FURTHER wordmark, tagline, login button, locale selector, and footer (3.8s)
  ✓   6 [anon] › e2e/smoke.spec.ts:7:5 › dev server responds and renders a non-empty page (3.8s)
  ✓   7 [anon] › e2e/homepage.spec.ts:5:7 › Homepage SAA — Anonymous Visitor (anon project) › ID-0 [FR-100] — homepage loads publicly without authentication (3.8s)
  ✓   2 [anon] › e2e/route-guard.spec.ts:6:7 › Route Guards (anon project) › C6 [FR-101, FR-602, SC-001] — unauthenticated access to /todo redirects to /login (4.0s)
  ✓  14 [anon] › e2e/login-screen.spec.ts:41:7 › Login Screen (anon project) › C2 [FR-402, DEC-001] — displays error message when redirected with error=oauth_failed (1.3s)
  ✓   5 [anon] › e2e/award-system.spec.ts:136:7 › Award System screen — /awards-information (anon) › ID-0/2 — route loads without redirect and the header nav item reaches it and is aria-current=page (5.2s)
  ✓  15 [anon] › e2e/homepage.spec.ts:16:7 › Homepage SAA — Anonymous Visitor (anon project) › ID-7 [FR-101] — page structure includes header, hero, countdown, awards grid, Kudos section, and footer (1.2s)
  ✓  18 [anon] › e2e/homepage.spec.ts:50:7 › Homepage SAA — Anonymous Visitor (anon project) › ID-9 [FR-102] — About SAA 2025 nav item is marked as selected on homepage (1.0s)
  ✓  17 [anon] › e2e/award-system.spec.ts:161:7 › Award System screen — /awards-information (anon) › ID-3 — page structure renders banner, h1, award-nav, six award sections, Kudos block and footer in document order (1.2s)
  ✓  16 [anon] › e2e/login-screen.spec.ts:52:7 › Login Screen (anon project) › C3 [FR-203, US003] — switching locale to EN updates page content and sets NEXT_LOCALE cookie (1.3s)
  ✓  20 [anon] › e2e/award-system.spec.ts:191:7 › Award System screen — /awards-information (anon) › ID-4 — hero title block shows the eyebrow and the exact page heading (1.3s)
  ✓  19 [anon] › e2e/homepage.spec.ts:70:7 › Homepage SAA — Anonymous Visitor (anon project) › ID-12 [FR-103] — countdown displays three 2-digit units labeled DAYS, HOURS, MINUTES (1.4s)
  ✓  21 [anon] › e2e/login-screen.spec.ts:87:7 › Login Screen (anon project) › C3b [FR-203] — open dropdown shows a flag beside every locale option (1.3s)
  ✓  23 [anon] › e2e/homepage.spec.ts:97:7 › Homepage SAA — Anonymous Visitor (anon project) › ID-13 [FR-104] — Coming soon label visible when event is in the future (1.0s)
  ✓  22 [anon] › e2e/award-system.spec.ts:204:7 › Award System screen — /awards-information (anon) › ID-5 — left category menu lists exactly 6 items in design order (1.1s)
  ✓  24 [anon] › e2e/login-screen.spec.ts:116:7 › Login Screen (anon project) › C3c [FR-203] — open panel visual contract (background, border, radius, padding, option size) (1.1s)
  ✓  25 [anon] › e2e/homepage.spec.ts:109:7 › Homepage SAA — Anonymous Visitor (anon project) › ID-14 [FR-105] — event information block displays correct date, venue, and livestream note (1.2s)
  ✓  26 [anon] › e2e/award-system.spec.ts:222:7 › Award System screen — /awards-information (anon) › ID-6 — all six awards render title, quantity, unit, prize amounts and notes (1.5s)
  ✓  27 [anon] › e2e/login-screen.spec.ts:139:7 › Login Screen (anon project) › C3d [FR-203.b] — selected and unselected option backgrounds, hover state (1.4s)
  ✓  28 [anon] › e2e/homepage.spec.ts:128:7 › Homepage SAA — Anonymous Visitor (anon project) › ID-15 [FR-106] — awards grid displays all 6 award category cards (942ms)
  ✓  29 [anon] › e2e/award-system.spec.ts:270:7 › Award System screen — /awards-information (anon) › ID-7 — every award card renders its image with the award title as alt text, undistorted at 336x336 (1.2s)
  ✓  32 [anon] › e2e/award-system.spec.ts:295:7 › Award System screen — /awards-information (anon) › ID-8 — Sun* Kudos block renders eyebrow, title, subtitle and the Chi tiết control (758ms)
  ✓  30 [anon] › e2e/login-screen.spec.ts:170:7 › Login Screen (anon project) › C3e [FR-203.c] — keyboard navigation (Arrow keys, Home, End, Escape, Enter) (2.1s)
  ✓  31 [anon] › e2e/homepage.spec.ts:144:7 › Homepage SAA — Anonymous Visitor (anon project) › ID-16 [FR-107] — awards grid is responsive: 3 columns at desktop, 2 columns at tablet/mobile (1.9s)
  ✓  34 [anon] › e2e/login-screen.spec.ts:232:7 › Login Screen (anon project) › C4 [BR-003] — invalid NEXT_LOCALE value falls back to VN without blank page (790ms)
  ✓  35 [anon] › e2e/homepage.spec.ts:193:7 › Homepage SAA — Anonymous Visitor (anon project) › ID-17 [FR-108] — footer displays logo, navigation links, and copyright text (904ms)
  ✓  36 [anon] › e2e/login-screen.spec.ts:256:7 › Login Screen (anon project) › C5 [FR-202, FR-601, SM-001, SC-003] — clicking login button initiates OAuth flow with provider=google (988ms)
  ✓  37 [anon] › e2e/homepage.spec.ts:221:7 › Homepage SAA — Anonymous Visitor (anon project) › ID-18 [FR-108b] — header logo navigates to home from non-home route (1.1s)
  ✓  33 [anon] › e2e/award-system.spec.ts:310:7 › Award System screen — /awards-information (anon) › ID-9/11 — clicking each menu item scrolls to its section and keeps exactly one active item (2.8s)
  ✓  38 [anon] › e2e/login-screen.spec.ts:296:7 › Login Screen (anon project) › C10 — callback open-redirect protection rejects external next URL (973ms)
  ✓  39 [anon] › e2e/homepage.spec.ts:246:7 › Homepage SAA — Anonymous Visitor (anon project) › ID-19 [FR-108c] — footer logo navigates to home from non-home route (1.3s)
  ✓  40 [anon] › e2e/award-system.spec.ts:344:7 › Award System screen — /awards-information (anon) › ID-10 — menu items are interactive links that respond to hover (1.2s)
  ✓  42 [anon] › e2e/award-system.spec.ts:361:7 › Award System screen — /awards-information (anon) › ID-12 — Kudos Chi tiết control navigates to /kudos (1.4s)
  ✓  43 [anon] › e2e/award-system.spec.ts:373:7 › Award System screen — /awards-information (anon) › ID-13 — an invalid hash raises no page error and the screen stays functional (794ms)
  ✓  44 [anon] › e2e/award-system.spec.ts:407:7 › Award System screen — /awards-information (anon) › Deep link — /awards-information#mvp lands on the MVP section with its menu item active (712ms)
  ✓  41 [anon] › e2e/homepage.spec.ts:269:7 › Homepage SAA — Anonymous Visitor (anon project) › ID-39 [FR-109] — countdown decreases in real time without a page reload (3.4s)
  ✓  45 [anon] › e2e/homepage.spec.ts:297:7 › Homepage SAA — Anonymous Visitor (anon project) › ID-2/3/4/20 [FR-117] — nav items navigate to home from non-home route; clicking selected nav item scrolls to top instead of navigating (1.3s)
  ✓  46 [anon] › e2e/homepage.spec.ts:332:7 › Homepage SAA — Anonymous Visitor (anon project) › ID-20 [FR-118] — footer logo scrolls to top when clicked on homepage (1.3s)
  ✓  47 [anon] › e2e/homepage.spec.ts:360:7 › Homepage SAA — Anonymous Visitor (anon project) › ID-41/42/43 [FR-110] — when event time passes, Coming soon hides and countdown holds at 00 (1.2s)
  ✓  48 [anon] › e2e/homepage.spec.ts:406:7 › Homepage SAA — Anonymous Visitor (anon project) › ID-24/30-35 [FR-111] — language menu: click opens/closes, outside click closes, Enter/Space open, Esc closes (669ms)
  ✓  49 [anon] › e2e/homepage.spec.ts:448:7 › Homepage SAA — Anonymous Visitor (anon project) › ID-25/26 [FR-112] — selecting EN in language menu switches UI to English, selecting VN reverts to Vietnamese (1.1s)
  ✓  50 [anon] › e2e/homepage.spec.ts:494:7 › Homepage SAA — Anonymous Visitor (anon project) › ID-44/45 [FR-113] — CTA buttons navigate to Awards Information and Kudos routes (1.1s)
  ✓  51 [anon] › e2e/homepage.spec.ts:520:7 › Homepage SAA — Anonymous Visitor (anon project) › ID-47/48/49/50/52 [FR-114] — award card (image, title, Chi tiết) navigates to /awards-information#<slug> (3.4s)
  ✓  52 [anon] › e2e/homepage.spec.ts:551:7 › Homepage SAA — Anonymous Visitor (anon project) › ID-53 [FR-115] — Kudos section Chi tiết button navigates to /kudos (691ms)
  ✓  53 [anon] › e2e/homepage.spec.ts:573:7 › Homepage SAA — Anonymous Visitor (anon project) › ID-55/59 [FR-116] — all footer links resolve without 404 errors (3.3s)

  53 passed (1.2m)
