
Running 14 tests using 1 worker

✓ Test session created and saved to e2e/.auth/user.json
  Test user email: e2e-1788663730550-2289850-kzdd8q@example.com
  Auth token cookie: sb-127-auth-token
Warming client bundles...
✓ Client bundles warmed (hydration complete)
  ✓   1 [setup] › e2e/auth.setup.ts:60:6 › authenticate and save state (3.2s)
  ✓   2 [anon] › e2e/award-system.spec.ts:138:7 › Award System screen — /awards-information (anon) › ID-0/2 — route loads without redirect and the header nav item reaches it and is aria-current=page (1.3s)
  ✓   3 [anon] › e2e/award-system.spec.ts:163:7 › Award System screen — /awards-information (anon) › ID-3 — page structure renders banner, h1, award-nav, six award sections, Kudos block and footer in document order (634ms)
  ✓   4 [anon] › e2e/award-system.spec.ts:197:7 › Award System screen — /awards-information (anon) › W-3 — one h1, h1 → six h2 → Kudos h2, each award section accessibly named, category nav labelled (558ms)
  ✓   5 [anon] › e2e/award-system.spec.ts:241:7 › Award System screen — /awards-information (anon) › ID-4 — hero title block shows the eyebrow and the exact page heading (496ms)
  ✓   6 [anon] › e2e/award-system.spec.ts:254:7 › Award System screen — /awards-information (anon) › ID-5 — left category menu lists exactly 6 items in design order (518ms)
  ✓   7 [anon] › e2e/award-system.spec.ts:272:7 › Award System screen — /awards-information (anon) › ID-6 — all six awards render title, quantity, unit, prize amounts and notes (743ms)
  ✓   8 [anon] › e2e/award-system.spec.ts:320:7 › Award System screen — /awards-information (anon) › ID-7 — every award card renders its image with the award title as alt text, undistorted at 336x336 (654ms)
  ✓   9 [anon] › e2e/award-system.spec.ts:345:7 › Award System screen — /awards-information (anon) › ID-8 — Sun* Kudos block renders eyebrow, title, subtitle and the Chi tiết control (520ms)
  ✓  10 [anon] › e2e/award-system.spec.ts:360:7 › Award System screen — /awards-information (anon) › ID-9/11 — clicking each menu item scrolls to its section and keeps exactly one active item (2.2s)
  ✓  11 [anon] › e2e/award-system.spec.ts:394:7 › Award System screen — /awards-information (anon) › ID-10 — menu items are interactive links that respond to hover (854ms)
  ✓  12 [anon] › e2e/award-system.spec.ts:411:7 › Award System screen — /awards-information (anon) › ID-12 — Kudos Chi tiết control navigates to /kudos (1.0s)
  ✓  13 [anon] › e2e/award-system.spec.ts:423:7 › Award System screen — /awards-information (anon) › ID-13 — an invalid hash raises no page error and the screen stays functional (800ms)
  ✓  14 [anon] › e2e/award-system.spec.ts:457:7 › Award System screen — /awards-information (anon) › Deep link — /awards-information#mvp lands on the MVP section with its menu item active (553ms)

  14 passed (1.1m)
