
Running 25 tests using 1 worker

✓ Test session created and saved to e2e/.auth/user.json
  Test user email: e2e-1788843638402-82816-9z3sgr@example.com
  Auth token cookie: sb-127-auth-token
Warming client bundles...
✓ Client bundles warmed (hydration complete)
  ✓   1 [setup] › e2e/auth.setup.ts:60:6 › authenticate and save state (3.9s)
[WebServer] ⨯ Error: fetchKudos failed: permission denied for table kudos
[WebServer]     at fetchKudos (lib/kudos/queries.ts:65:20)
[WebServer]     at async getKudosBoard (lib/kudos/board-data.ts:64:70)
[WebServer]     at async KudosPage (app/kudos/page.tsx:50:5)
[WebServer]   63 |     .returns<KudosFeedRow[]>();
[WebServer]   64 |
[WebServer] > 65 |   if (error) throw new Error(`fetchKudos failed: ${error.message}`);
[WebServer]      |                    ^
[WebServer]   66 |   return data;
[WebServer]   67 | }
[WebServer]   68 | {
[WebServer]   digest: '330093597'
[WebServer] }
[WebServer] [browser] Uncaught Error: fetchKudos failed: permission denied for table kudos
[WebServer]     at fetchKudos (lib/kudos/queries.ts:65:20)
[WebServer]     at  getKudosBoard (lib/kudos/board-data.ts:64:70)
[WebServer]     at  KudosPage (app/kudos/page.tsx:50:5)
[WebServer]   63 |     .returns<KudosFeedRow[]>();
[WebServer]   64 |
[WebServer] > 65 |   if (error) throw new Error(`fetchKudos failed: ${error.message}`);
[WebServer]      |                    ^
[WebServer]   66 |   return data;
[WebServer]   67 | }
[WebServer]   68 |
  ✘   2 [anon] › e2e/kudos-live-board.spec.ts:181:7 › Kudos Live Board screen — /kudos (anon) › K-0 — route loads publicly without redirect and renders h1 (5.9s)
[WebServer] ⨯ Error: fetchKudos failed: permission denied for table kudos
[WebServer]     at fetchKudos (lib/kudos/queries.ts:65:20)
[WebServer]     at async getKudosBoard (lib/kudos/board-data.ts:64:70)
[WebServer]     at async KudosPage (app/kudos/page.tsx:50:5)
[WebServer]   63 |     .returns<KudosFeedRow[]>();
[WebServer]   64 |
[WebServer] > 65 |   if (error) throw new Error(`fetchKudos failed: ${error.message}`);
[WebServer]      |                    ^
[WebServer]   66 |   return data;
[WebServer]   67 | }
[WebServer]   68 | {
[WebServer]   digest: '330093597'
[WebServer] }
[WebServer] [browser] Uncaught Error: fetchKudos failed: permission denied for table kudos
[WebServer]     at fetchKudos (lib/kudos/queries.ts:65:20)
[WebServer]     at  getKudosBoard (lib/kudos/board-data.ts:64:70)
[WebServer]     at  KudosPage (app/kudos/page.tsx:50:5)
[WebServer]   63 |     .returns<KudosFeedRow[]>();
[WebServer]   64 |
[WebServer] > 65 |   if (error) throw new Error(`fetchKudos failed: ${error.message}`);
[WebServer]      |                    ^
[WebServer]   66 |   return data;
[WebServer]   67 | }
[WebServer]   68 |
  ✘   3 [anon] › e2e/kudos-live-board.spec.ts:192:7 › Kudos Live Board screen — /kudos (anon) › K-1 — hero renders compose bar and Sunner search with correct placeholders (5.4s)
[WebServer] ⨯ Error: fetchKudos failed: permission denied for table kudos
[WebServer]     at fetchKudos (lib/kudos/queries.ts:65:20)
[WebServer]     at async getKudosBoard (lib/kudos/board-data.ts:64:70)
[WebServer]     at async KudosPage (app/kudos/page.tsx:50:5)
[WebServer]   63 |     .returns<KudosFeedRow[]>();
[WebServer]   64 |
[WebServer] > 65 |   if (error) throw new Error(`fetchKudos failed: ${error.message}`);
[WebServer]      |                    ^
[WebServer]   66 |   return data;
[WebServer]   67 | }
[WebServer]   68 | {
[WebServer]   digest: '330093597'
[WebServer] }
[WebServer] [browser] Uncaught Error: fetchKudos failed: permission denied for table kudos
[WebServer]     at fetchKudos (lib/kudos/queries.ts:65:20)
[WebServer]     at  getKudosBoard (lib/kudos/board-data.ts:64:70)
[WebServer]     at  KudosPage (app/kudos/page.tsx:50:5)
[WebServer]   63 |     .returns<KudosFeedRow[]>();
[WebServer]   64 |
[WebServer] > 65 |   if (error) throw new Error(`fetchKudos failed: ${error.message}`);
[WebServer]      |                    ^
[WebServer]   66 |   return data;
[WebServer]   67 | }
[WebServer]   68 |
  ✘   4 [anon] › e2e/kudos-live-board.spec.ts:209:7 › Kudos Live Board screen — /kudos (anon) › K-2 — HIGHLIGHT KUDOS section renders heading, eyebrow, and filters (5.5s)
[WebServer] ⨯ Error: fetchKudos failed: permission denied for table kudos
[WebServer]     at fetchKudos (lib/kudos/queries.ts:65:20)
[WebServer]     at async getKudosBoard (lib/kudos/board-data.ts:64:70)
[WebServer]     at async KudosPage (app/kudos/page.tsx:50:5)
[WebServer]   63 |     .returns<KudosFeedRow[]>();
[WebServer]   64 |
[WebServer] > 65 |   if (error) throw new Error(`fetchKudos failed: ${error.message}`);
[WebServer]      |                    ^
[WebServer]   66 |   return data;
[WebServer]   67 | }
[WebServer]   68 | {
[WebServer]   digest: '330093597'
[WebServer] }
[WebServer] [browser] Uncaught Error: fetchKudos failed: permission denied for table kudos
[WebServer]     at fetchKudos (lib/kudos/queries.ts:65:20)
[WebServer]     at  getKudosBoard (lib/kudos/board-data.ts:64:70)
[WebServer]     at  KudosPage (app/kudos/page.tsx:50:5)
[WebServer]   63 |     .returns<KudosFeedRow[]>();
[WebServer]   64 |
[WebServer] > 65 |   if (error) throw new Error(`fetchKudos failed: ${error.message}`);
[WebServer]      |                    ^
[WebServer]   66 |   return data;
[WebServer]   67 | }
[WebServer]   68 |
  ✘   5 [anon] › e2e/kudos-live-board.spec.ts:229:7 › Kudos Live Board screen — /kudos (anon) › K-3 — filter menus: hashtag has 13 options, department has 50 (30.0s)
[WebServer] ⨯ Error: fetchKudos failed: permission denied for table kudos
[WebServer]     at fetchKudos (lib/kudos/queries.ts:65:20)
[WebServer]     at async getKudosBoard (lib/kudos/board-data.ts:64:70)
[WebServer]     at async KudosPage (app/kudos/page.tsx:50:5)
[WebServer]   63 |     .returns<KudosFeedRow[]>();
[WebServer]   64 |
[WebServer] > 65 |   if (error) throw new Error(`fetchKudos failed: ${error.message}`);
[WebServer]      |                    ^
[WebServer]   66 |   return data;
[WebServer]   67 | }
[WebServer]   68 | {
[WebServer]   digest: '330093597'
[WebServer] }
[WebServer] [browser] Uncaught Error: fetchKudos failed: permission denied for table kudos
[WebServer]     at fetchKudos (lib/kudos/queries.ts:65:20)
[WebServer]     at  getKudosBoard (lib/kudos/board-data.ts:64:70)
[WebServer]     at  KudosPage (app/kudos/page.tsx:50:5)
[WebServer]   63 |     .returns<KudosFeedRow[]>();
[WebServer]   64 |
[WebServer] > 65 |   if (error) throw new Error(`fetchKudos failed: ${error.message}`);
[WebServer]      |                    ^
[WebServer]   66 |   return data;
[WebServer]   67 | }
[WebServer]   68 |
  ✘   6 [anon] › e2e/kudos-live-board.spec.ts:252:7 › Kudos Live Board screen — /kudos (anon) › K-4 — carousel renders at most 5 slides with centre slide aria-current (5.5s)
[WebServer] ⨯ Error: fetchKudos failed: permission denied for table kudos
[WebServer]     at fetchKudos (lib/kudos/queries.ts:65:20)
[WebServer]     at async getKudosBoard (lib/kudos/board-data.ts:64:70)
[WebServer]     at async KudosPage (app/kudos/page.tsx:50:5)
[WebServer]   63 |     .returns<KudosFeedRow[]>();
[WebServer]   64 |
[WebServer] > 65 |   if (error) throw new Error(`fetchKudos failed: ${error.message}`);
[WebServer]      |                    ^
[WebServer]   66 |   return data;
[WebServer]   67 | }
[WebServer]   68 | {
[WebServer]   digest: '330093597'
[WebServer] }
[WebServer] [browser] Uncaught Error: fetchKudos failed: permission denied for table kudos
[WebServer]     at fetchKudos (lib/kudos/queries.ts:65:20)
[WebServer]     at  getKudosBoard (lib/kudos/board-data.ts:64:70)
[WebServer]     at  KudosPage (app/kudos/page.tsx:50:5)
[WebServer]   63 |     .returns<KudosFeedRow[]>();
[WebServer]   64 |
[WebServer] > 65 |   if (error) throw new Error(`fetchKudos failed: ${error.message}`);
[WebServer]      |                    ^
[WebServer]   66 |   return data;
[WebServer]   67 | }
[WebServer]   68 |
  ✘   7 [anon] › e2e/kudos-live-board.spec.ts:276:7 › Kudos Live Board screen — /kudos (anon) › K-5 — carousel pagination text matches expected format (5.5s)
[WebServer] ⨯ Error: fetchKudos failed: permission denied for table kudos
[WebServer]     at fetchKudos (lib/kudos/queries.ts:65:20)
[WebServer]     at async getKudosBoard (lib/kudos/board-data.ts:64:70)
[WebServer]     at async KudosPage (app/kudos/page.tsx:50:5)
[WebServer]   63 |     .returns<KudosFeedRow[]>();
[WebServer]   64 |
[WebServer] > 65 |   if (error) throw new Error(`fetchKudos failed: ${error.message}`);
[WebServer]      |                    ^
[WebServer]   66 |   return data;
[WebServer]   67 | }
[WebServer]   68 | {
[WebServer]   digest: '330093597'
[WebServer] }
[WebServer] [browser] Uncaught Error: fetchKudos failed: permission denied for table kudos
[WebServer]     at fetchKudos (lib/kudos/queries.ts:65:20)
[WebServer]     at  getKudosBoard (lib/kudos/board-data.ts:64:70)
[WebServer]     at  KudosPage (app/kudos/page.tsx:50:5)
[WebServer]   63 |     .returns<KudosFeedRow[]>();
[WebServer]   64 |
[WebServer] > 65 |   if (error) throw new Error(`fetchKudos failed: ${error.message}`);
[WebServer]      |                    ^
[WebServer]   66 |   return data;
[WebServer]   67 | }
[WebServer]   68 |
  ✘   8 [anon] › e2e/kudos-live-board.spec.ts:289:7 › Kudos Live Board screen — /kudos (anon) › K-6 — carousel arrows: prev disabled at slide 1, next disabled at last (5.4s)
[WebServer] ⨯ Error: fetchKudos failed: permission denied for table kudos
[WebServer]     at fetchKudos (lib/kudos/queries.ts:65:20)
[WebServer]     at async getKudosBoard (lib/kudos/board-data.ts:64:70)
[WebServer]     at async KudosPage (app/kudos/page.tsx:50:5)
[WebServer]   63 |     .returns<KudosFeedRow[]>();
[WebServer]   64 |
[WebServer] > 65 |   if (error) throw new Error(`fetchKudos failed: ${error.message}`);
[WebServer]      |                    ^
[WebServer]   66 |   return data;
[WebServer]   67 | }
[WebServer]   68 | {
[WebServer]   digest: '330093597'
[WebServer] }
[WebServer] [browser] Uncaught Error: fetchKudos failed: permission denied for table kudos
[WebServer]     at fetchKudos (lib/kudos/queries.ts:65:20)
[WebServer]     at  getKudosBoard (lib/kudos/board-data.ts:64:70)
[WebServer]     at  KudosPage (app/kudos/page.tsx:50:5)
[WebServer]   63 |     .returns<KudosFeedRow[]>();
[WebServer]   64 |
[WebServer] > 65 |   if (error) throw new Error(`fetchKudos failed: ${error.message}`);
[WebServer]      |                    ^
[WebServer]   66 |   return data;
[WebServer]   67 | }
[WebServer]   68 |
  ✘   9 [anon] › e2e/kudos-live-board.spec.ts:309:7 › Kudos Live Board screen — /kudos (anon) › K-7 — carousel next/prev buttons move the slide (30.0s)
[WebServer] ⨯ Error: fetchKudos failed: permission denied for table kudos
[WebServer]     at fetchKudos (lib/kudos/queries.ts:65:20)
[WebServer]     at async getKudosBoard (lib/kudos/board-data.ts:64:70)
[WebServer]     at async KudosPage (app/kudos/page.tsx:50:5)
[WebServer]   63 |     .returns<KudosFeedRow[]>();
[WebServer]   64 |
[WebServer] > 65 |   if (error) throw new Error(`fetchKudos failed: ${error.message}`);
[WebServer]      |                    ^
[WebServer]   66 |   return data;
[WebServer]   67 | }
[WebServer]   68 | {
[WebServer]   digest: '330093597'
[WebServer] }
[WebServer] [browser] Uncaught Error: fetchKudos failed: permission denied for table kudos
[WebServer]     at fetchKudos (lib/kudos/queries.ts:65:20)
[WebServer]     at  getKudosBoard (lib/kudos/board-data.ts:64:70)
[WebServer]     at  KudosPage (app/kudos/page.tsx:50:5)
[WebServer]   63 |     .returns<KudosFeedRow[]>();
[WebServer]   64 |
[WebServer] > 65 |   if (error) throw new Error(`fetchKudos failed: ${error.message}`);
[WebServer]      |                    ^
[WebServer]   66 |   return data;
[WebServer]   67 | }
[WebServer]   68 |
  ✘  10 [anon] › e2e/kudos-live-board.spec.ts:326:7 › Kudos Live Board screen — /kudos (anon) › K-8 — filter selection resets carousel to slide 1 (30.0s)
[WebServer] ⨯ Error: fetchKudos failed: permission denied for table kudos
[WebServer]     at fetchKudos (lib/kudos/queries.ts:65:20)
[WebServer]     at async getKudosBoard (lib/kudos/board-data.ts:64:70)
[WebServer]     at async KudosPage (app/kudos/page.tsx:50:5)
[WebServer]   63 |     .returns<KudosFeedRow[]>();
[WebServer]   64 |
[WebServer] > 65 |   if (error) throw new Error(`fetchKudos failed: ${error.message}`);
[WebServer]      |                    ^
[WebServer]   66 |   return data;
[WebServer]   67 | }
[WebServer]   68 | {
[WebServer]   digest: '330093597'
[WebServer] }
[WebServer] [browser] Uncaught Error: fetchKudos failed: permission denied for table kudos
[WebServer]     at fetchKudos (lib/kudos/queries.ts:65:20)
[WebServer]     at  getKudosBoard (lib/kudos/board-data.ts:64:70)
[WebServer]     at  KudosPage (app/kudos/page.tsx:50:5)
[WebServer]   63 |     .returns<KudosFeedRow[]>();
[WebServer]   64 |
[WebServer] > 65 |   if (error) throw new Error(`fetchKudos failed: ${error.message}`);
[WebServer]      |                    ^
[WebServer]   66 |   return data;
[WebServer]   67 | }
[WebServer]   68 |
  ✘  11 [anon] › e2e/kudos-live-board.spec.ts:342:7 › Kudos Live Board screen — /kudos (anon) › K-9 — kudos card renders sender, receiver, badge, time, campaign, hashtags, heart (5.5s)
[WebServer] ⨯ Error: fetchKudos failed: permission denied for table kudos
[WebServer]     at fetchKudos (lib/kudos/queries.ts:65:20)
[WebServer]     at async getKudosBoard (lib/kudos/board-data.ts:64:70)
[WebServer]     at async KudosPage (app/kudos/page.tsx:50:5)
[WebServer]   63 |     .returns<KudosFeedRow[]>();
[WebServer]   64 |
[WebServer] > 65 |   if (error) throw new Error(`fetchKudos failed: ${error.message}`);
[WebServer]      |                    ^
[WebServer]   66 |   return data;
[WebServer]   67 | }
[WebServer]   68 | {
[WebServer]   digest: '330093597'
[WebServer] }
[WebServer] [browser] Uncaught Error: fetchKudos failed: permission denied for table kudos
[WebServer]     at fetchKudos (lib/kudos/queries.ts:65:20)
[WebServer]     at  getKudosBoard (lib/kudos/board-data.ts:64:70)
[WebServer]     at  KudosPage (app/kudos/page.tsx:50:5)
[WebServer]   63 |     .returns<KudosFeedRow[]>();
[WebServer]   64 |
[WebServer] > 65 |   if (error) throw new Error(`fetchKudos failed: ${error.message}`);
[WebServer]      |                    ^
[WebServer]   66 |   return data;
[WebServer]   67 | }
[WebServer]   68 |
  ✘  12 [anon] › e2e/kudos-live-board.spec.ts:385:7 › Kudos Live Board screen — /kudos (anon) › K-24 — every kudos-heart is disabled for anon viewer (499ms)
[WebServer] ⨯ Error: fetchKudos failed: permission denied for table kudos
[WebServer]     at fetchKudos (lib/kudos/queries.ts:65:20)
[WebServer]     at async getKudosBoard (lib/kudos/board-data.ts:64:70)
[WebServer]     at async KudosPage (app/kudos/page.tsx:50:5)
[WebServer]   63 |     .returns<KudosFeedRow[]>();
[WebServer]   64 |
[WebServer] > 65 |   if (error) throw new Error(`fetchKudos failed: ${error.message}`);
[WebServer]      |                    ^
[WebServer]   66 |   return data;
[WebServer]   67 | }
[WebServer]   68 | {
[WebServer]   digest: '330093597'
[WebServer] }
[WebServer] [browser] Uncaught Error: fetchKudos failed: permission denied for table kudos
[WebServer]     at fetchKudos (lib/kudos/queries.ts:65:20)
[WebServer]     at  getKudosBoard (lib/kudos/board-data.ts:64:70)
[WebServer]     at  KudosPage (app/kudos/page.tsx:50:5)
[WebServer]   63 |     .returns<KudosFeedRow[]>();
[WebServer]   64 |
[WebServer] > 65 |   if (error) throw new Error(`fetchKudos failed: ${error.message}`);
[WebServer]      |                    ^
[WebServer]   66 |   return data;
[WebServer]   67 | }
[WebServer]   68 |
  ✘  13 [anon] › e2e/kudos-live-board.spec.ts:409:7 › Kudos Live Board screen — /kudos (anon) › K-11 — Copy Link shows toast with correct message (5.4s)
[WebServer] ⨯ Error: fetchKudos failed: permission denied for table kudos
[WebServer]     at fetchKudos (lib/kudos/queries.ts:65:20)
[WebServer]     at async getKudosBoard (lib/kudos/board-data.ts:64:70)
[WebServer]     at async KudosPage (app/kudos/page.tsx:50:5)
[WebServer]   63 |     .returns<KudosFeedRow[]>();
[WebServer]   64 |
[WebServer] > 65 |   if (error) throw new Error(`fetchKudos failed: ${error.message}`);
[WebServer]      |                    ^
[WebServer]   66 |   return data;
[WebServer]   67 | }
[WebServer]   68 | {
[WebServer]   digest: '330093597'
[WebServer] }
[WebServer] [browser] Uncaught Error: fetchKudos failed: permission denied for table kudos
[WebServer]     at fetchKudos (lib/kudos/queries.ts:65:20)
[WebServer]     at  getKudosBoard (lib/kudos/board-data.ts:64:70)
[WebServer]     at  KudosPage (app/kudos/page.tsx:50:5)
[WebServer]   63 |     .returns<KudosFeedRow[]>();
[WebServer]   64 |
[WebServer] > 65 |   if (error) throw new Error(`fetchKudos failed: ${error.message}`);
[WebServer]      |                    ^
[WebServer]   66 |   return data;
[WebServer]   67 | }
[WebServer]   68 |
  ✘  14 [anon] › e2e/kudos-live-board.spec.ts:427:7 › Kudos Live Board screen — /kudos (anon) › K-12 — Xem chi tiết link present on highlight cards (5.4s)
[WebServer] ⨯ Error: fetchKudos failed: permission denied for table kudos
[WebServer]     at fetchKudos (lib/kudos/queries.ts:65:20)
[WebServer]     at async getKudosBoard (lib/kudos/board-data.ts:64:70)
[WebServer]     at async KudosPage (app/kudos/page.tsx:50:5)
[WebServer]   63 |     .returns<KudosFeedRow[]>();
[WebServer]   64 |
[WebServer] > 65 |   if (error) throw new Error(`fetchKudos failed: ${error.message}`);
[WebServer]      |                    ^
[WebServer]   66 |   return data;
[WebServer]   67 | }
[WebServer]   68 | {
[WebServer]   digest: '330093597'
[WebServer] }
[WebServer] [browser] Uncaught Error: fetchKudos failed: permission denied for table kudos
[WebServer]     at fetchKudos (lib/kudos/queries.ts:65:20)
[WebServer]     at  getKudosBoard (lib/kudos/board-data.ts:64:70)
[WebServer]     at  KudosPage (app/kudos/page.tsx:50:5)
[WebServer]   63 |     .returns<KudosFeedRow[]>();
[WebServer]   64 |
[WebServer] > 65 |   if (error) throw new Error(`fetchKudos failed: ${error.message}`);
[WebServer]      |                    ^
[WebServer]   66 |   return data;
[WebServer]   67 | }
[WebServer]   68 |
  ✘  15 [anon] › e2e/kudos-live-board.spec.ts:442:7 › Kudos Live Board screen — /kudos (anon) › K-13 — SPOTLIGHT BOARD renders heading, count, and search (5.4s)
[WebServer] ⨯ Error: fetchKudos failed: permission denied for table kudos
[WebServer]     at fetchKudos (lib/kudos/queries.ts:65:20)
[WebServer]     at async getKudosBoard (lib/kudos/board-data.ts:64:70)
[WebServer]     at async KudosPage (app/kudos/page.tsx:50:5)
[WebServer]   63 |     .returns<KudosFeedRow[]>();
[WebServer]   64 |
[WebServer] > 65 |   if (error) throw new Error(`fetchKudos failed: ${error.message}`);
[WebServer]      |                    ^
[WebServer]   66 |   return data;
[WebServer]   67 | }
[WebServer]   68 | {
[WebServer]   digest: '330093597'
[WebServer] }
[WebServer] [browser] Uncaught Error: fetchKudos failed: permission denied for table kudos
[WebServer]     at fetchKudos (lib/kudos/queries.ts:65:20)
[WebServer]     at  getKudosBoard (lib/kudos/board-data.ts:64:70)
[WebServer]     at  KudosPage (app/kudos/page.tsx:50:5)
[WebServer]   63 |     .returns<KudosFeedRow[]>();
[WebServer]   64 |
[WebServer] > 65 |   if (error) throw new Error(`fetchKudos failed: ${error.message}`);
[WebServer]      |                    ^
[WebServer]   66 |   return data;
[WebServer]   67 | }
[WebServer]   68 |
  ✘  16 [anon] › e2e/kudos-live-board.spec.ts:469:7 › Kudos Live Board screen — /kudos (anon) › K-14 — spotlight nodes present and search narrows them (529ms)
[WebServer] ⨯ Error: fetchKudos failed: permission denied for table kudos
[WebServer]     at fetchKudos (lib/kudos/queries.ts:65:20)
[WebServer]     at async getKudosBoard (lib/kudos/board-data.ts:64:70)
[WebServer]     at async KudosPage (app/kudos/page.tsx:50:5)
[WebServer]   63 |     .returns<KudosFeedRow[]>();
[WebServer]   64 |
[WebServer] > 65 |   if (error) throw new Error(`fetchKudos failed: ${error.message}`);
[WebServer]      |                    ^
[WebServer]   66 |   return data;
[WebServer]   67 | }
[WebServer]   68 | {
[WebServer]   digest: '330093597'
[WebServer] }
[WebServer] [browser] Uncaught Error: fetchKudos failed: permission denied for table kudos
[WebServer]     at fetchKudos (lib/kudos/queries.ts:65:20)
[WebServer]     at  getKudosBoard (lib/kudos/board-data.ts:64:70)
[WebServer]     at  KudosPage (app/kudos/page.tsx:50:5)
[WebServer]   63 |     .returns<KudosFeedRow[]>();
[WebServer]   64 |
[WebServer] > 65 |   if (error) throw new Error(`fetchKudos failed: ${error.message}`);
[WebServer]      |                    ^
[WebServer]   66 |   return data;
[WebServer]   67 | }
[WebServer]   68 |
  ✘  17 [anon] › e2e/kudos-live-board.spec.ts:489:7 › Kudos Live Board screen — /kudos (anon) › K-15 — spotlight pan/zoom and expand buttons have aria-pressed (5.4s)
[WebServer] ⨯ Error: fetchKudos failed: permission denied for table kudos
[WebServer]     at fetchKudos (lib/kudos/queries.ts:65:20)
[WebServer]     at async getKudosBoard (lib/kudos/board-data.ts:64:70)
[WebServer]     at async KudosPage (app/kudos/page.tsx:50:5)
[WebServer]   63 |     .returns<KudosFeedRow[]>();
[WebServer]   64 |
[WebServer] > 65 |   if (error) throw new Error(`fetchKudos failed: ${error.message}`);
[WebServer]      |                    ^
[WebServer]   66 |   return data;
[WebServer]   67 | }
[WebServer]   68 | {
[WebServer]   digest: '330093597'
[WebServer] }
[WebServer] [browser] Uncaught Error: fetchKudos failed: permission denied for table kudos
[WebServer]     at fetchKudos (lib/kudos/queries.ts:65:20)
[WebServer]     at  getKudosBoard (lib/kudos/board-data.ts:64:70)
[WebServer]     at  KudosPage (app/kudos/page.tsx:50:5)
[WebServer]   63 |     .returns<KudosFeedRow[]>();
[WebServer]   64 |
[WebServer] > 65 |   if (error) throw new Error(`fetchKudos failed: ${error.message}`);
[WebServer]      |                    ^
[WebServer]   66 |   return data;
[WebServer]   67 | }
[WebServer]   68 |
  ✘  18 [anon] › e2e/kudos-live-board.spec.ts:503:7 › Kudos Live Board screen — /kudos (anon) › K-16 — spotlight ticker rows present (5.4s)
[WebServer] ⨯ Error: fetchKudos failed: permission denied for table kudos
[WebServer]     at fetchKudos (lib/kudos/queries.ts:65:20)
[WebServer]     at async getKudosBoard (lib/kudos/board-data.ts:64:70)
[WebServer]     at async KudosPage (app/kudos/page.tsx:50:5)
[WebServer]   63 |     .returns<KudosFeedRow[]>();
[WebServer]   64 |
[WebServer] > 65 |   if (error) throw new Error(`fetchKudos failed: ${error.message}`);
[WebServer]      |                    ^
[WebServer]   66 |   return data;
[WebServer]   67 | }
[WebServer]   68 | {
[WebServer]   digest: '330093597'
[WebServer] }
[WebServer] [browser] Uncaught Error: fetchKudos failed: permission denied for table kudos
[WebServer]     at fetchKudos (lib/kudos/queries.ts:65:20)
[WebServer]     at  getKudosBoard (lib/kudos/board-data.ts:64:70)
[WebServer]     at  KudosPage (app/kudos/page.tsx:50:5)
[WebServer]   63 |     .returns<KudosFeedRow[]>();
[WebServer]   64 |
[WebServer] > 65 |   if (error) throw new Error(`fetchKudos failed: ${error.message}`);
[WebServer]      |                    ^
[WebServer]   66 |   return data;
[WebServer]   67 | }
[WebServer]   68 |
  ✘  19 [anon] › e2e/kudos-live-board.spec.ts:511:7 › Kudos Live Board screen — /kudos (anon) › K-17 — ALL KUDOS section renders heading and feed (5.4s)
[WebServer] ⨯ Error: fetchKudos failed: permission denied for table kudos
[WebServer]     at fetchKudos (lib/kudos/queries.ts:65:20)
[WebServer]     at async getKudosBoard (lib/kudos/board-data.ts:64:70)
[WebServer]     at async KudosPage (app/kudos/page.tsx:50:5)
[WebServer]   63 |     .returns<KudosFeedRow[]>();
[WebServer]   64 |
[WebServer] > 65 |   if (error) throw new Error(`fetchKudos failed: ${error.message}`);
[WebServer]      |                    ^
[WebServer]   66 |   return data;
[WebServer]   67 | }
[WebServer]   68 | {
[WebServer]   digest: '330093597'
[WebServer] }
[WebServer] [browser] Uncaught Error: fetchKudos failed: permission denied for table kudos
[WebServer]     at fetchKudos (lib/kudos/queries.ts:65:20)
[WebServer]     at  getKudosBoard (lib/kudos/board-data.ts:64:70)
[WebServer]     at  KudosPage (app/kudos/page.tsx:50:5)
[WebServer]   63 |     .returns<KudosFeedRow[]>();
[WebServer]   64 |
[WebServer] > 65 |   if (error) throw new Error(`fetchKudos failed: ${error.message}`);
[WebServer]      |                    ^
[WebServer]   66 |   return data;
[WebServer]   67 | }
[WebServer]   68 |
  ✘  20 [anon] › e2e/kudos-live-board.spec.ts:535:7 › Kudos Live Board screen — /kudos (anon) › K-18 — sidebar renders 5 stat rows in exact order (5.5s)
[WebServer] ⨯ Error: fetchKudos failed: permission denied for table kudos
[WebServer]     at fetchKudos (lib/kudos/queries.ts:65:20)
[WebServer]     at async getKudosBoard (lib/kudos/board-data.ts:64:70)
[WebServer]     at async KudosPage (app/kudos/page.tsx:50:5)
[WebServer]   63 |     .returns<KudosFeedRow[]>();
[WebServer]   64 |
[WebServer] > 65 |   if (error) throw new Error(`fetchKudos failed: ${error.message}`);
[WebServer]      |                    ^
[WebServer]   66 |   return data;
[WebServer]   67 | }
[WebServer]   68 | {
[WebServer]   digest: '330093597'
[WebServer] }
[WebServer] [browser] Uncaught Error: fetchKudos failed: permission denied for table kudos
[WebServer]     at fetchKudos (lib/kudos/queries.ts:65:20)
[WebServer]     at  getKudosBoard (lib/kudos/board-data.ts:64:70)
[WebServer]     at  KudosPage (app/kudos/page.tsx:50:5)
[WebServer]   63 |     .returns<KudosFeedRow[]>();
[WebServer]   64 |
[WebServer] > 65 |   if (error) throw new Error(`fetchKudos failed: ${error.message}`);
[WebServer]      |                    ^
[WebServer]   66 |   return data;
[WebServer]   67 | }
[WebServer]   68 |
  ✘  21 [anon] › e2e/kudos-live-board.spec.ts:553:7 › Kudos Live Board screen — /kudos (anon) › K-19 — Secret Box button present with correct label and href (5.4s)
[WebServer] ⨯ Error: fetchKudos failed: permission denied for table kudos
[WebServer]     at fetchKudos (lib/kudos/queries.ts:65:20)
[WebServer]     at async getKudosBoard (lib/kudos/board-data.ts:64:70)
[WebServer]     at async KudosPage (app/kudos/page.tsx:50:5)
[WebServer]   63 |     .returns<KudosFeedRow[]>();
[WebServer]   64 |
[WebServer] > 65 |   if (error) throw new Error(`fetchKudos failed: ${error.message}`);
[WebServer]      |                    ^
[WebServer]   66 |   return data;
[WebServer]   67 | }
[WebServer]   68 | {
[WebServer]   digest: '330093597'
[WebServer] }
[WebServer] [browser] Uncaught Error: fetchKudos failed: permission denied for table kudos
[WebServer]     at fetchKudos (lib/kudos/queries.ts:65:20)
[WebServer]     at  getKudosBoard (lib/kudos/board-data.ts:64:70)
[WebServer]     at  KudosPage (app/kudos/page.tsx:50:5)
[WebServer]   63 |     .returns<KudosFeedRow[]>();
[WebServer]   64 |
[WebServer] > 65 |   if (error) throw new Error(`fetchKudos failed: ${error.message}`);
[WebServer]      |                    ^
[WebServer]   66 |   return data;
[WebServer]   67 | }
[WebServer]   68 |
  ✘  22 [anon] › e2e/kudos-live-board.spec.ts:565:7 › Kudos Live Board screen — /kudos (anon) › K-20 — gift leaderboard heading present (5.4s)
  ✓  23 [anon] › e2e/kudos-live-board.spec.ts:575:7 › Kudos Live Board screen — /kudos (anon) › K-21 — placeholder routes /kudos/secret-box and /kudos/[id] render ComingSoon (8.3s)
[WebServer] ⨯ Error: fetchKudos failed: permission denied for table kudos
[WebServer]     at fetchKudos (lib/kudos/queries.ts:65:20)
[WebServer]     at async getKudosBoard (lib/kudos/board-data.ts:64:70)
[WebServer]     at async KudosPage (app/kudos/page.tsx:50:5)
[WebServer]   63 |     .returns<KudosFeedRow[]>();
[WebServer]   64 |
[WebServer] > 65 |   if (error) throw new Error(`fetchKudos failed: ${error.message}`);
[WebServer]      |                    ^
[WebServer]   66 |   return data;
[WebServer]   67 | }
[WebServer]   68 | {
[WebServer]   digest: '330093597'
[WebServer] }
[WebServer] [browser] Uncaught Error: fetchKudos failed: permission denied for table kudos
[WebServer]     at fetchKudos (lib/kudos/queries.ts:65:20)
[WebServer]     at  getKudosBoard (lib/kudos/board-data.ts:64:70)
[WebServer]     at  KudosPage (app/kudos/page.tsx:50:5)
[WebServer]   63 |     .returns<KudosFeedRow[]>();
[WebServer]   64 |
[WebServer] > 65 |   if (error) throw new Error(`fetchKudos failed: ${error.message}`);
[WebServer]      |                    ^
[WebServer]   66 |   return data;
[WebServer]   67 | }
[WebServer]   68 |
  ✘  24 [anon] › e2e/kudos-live-board.spec.ts:595:7 › Kudos Live Board screen — /kudos (anon) › K-22 — compose bar links to /kudos/new (5.4s)
[WebServer] ⨯ Error: fetchKudos failed: permission denied for table kudos
[WebServer]     at fetchKudos (lib/kudos/queries.ts:65:20)
[WebServer]     at async getKudosBoard (lib/kudos/board-data.ts:64:70)
[WebServer]     at async KudosPage (app/kudos/page.tsx:50:5)
[WebServer]   63 |     .returns<KudosFeedRow[]>();
[WebServer]   64 |
[WebServer] > 65 |   if (error) throw new Error(`fetchKudos failed: ${error.message}`);
[WebServer]      |                    ^
[WebServer]   66 |   return data;
[WebServer]   67 | }
[WebServer]   68 | {
[WebServer]   digest: '330093597'
[WebServer] }
[WebServer] [browser] Uncaught Error: fetchKudos failed: permission denied for table kudos
[WebServer]     at fetchKudos (lib/kudos/queries.ts:65:20)
[WebServer]     at  getKudosBoard (lib/kudos/board-data.ts:64:70)
[WebServer]     at  KudosPage (app/kudos/page.tsx:50:5)
[WebServer]   63 |     .returns<KudosFeedRow[]>();
[WebServer]   64 |
[WebServer] > 65 |   if (error) throw new Error(`fetchKudos failed: ${error.message}`);
[WebServer]      |                    ^
[WebServer]   66 |   return data;
[WebServer]   67 | }
[WebServer]   68 |
  ✘  25 [anon] › e2e/kudos-live-board.spec.ts:604:7 › Kudos Live Board screen — /kudos (anon) › K-23 — Sunner search maxlength is 100 (5.4s)


  1) [anon] › e2e/kudos-live-board.spec.ts:181:7 › Kudos Live Board screen — /kudos (anon) › K-0 — route loads publicly without redirect and renders h1 

    Error: expect(locator).toHaveText(expected) failed

    Locator:  getByRole('heading', { level: 1 })
    Expected: "Hệ thống ghi nhận và cảm ơn"
    Received: "This page couldn’t load"
    Timeout:  5000ms

    Call log:
      - Expect "toHaveText" with timeout 5000ms
      - waiting for getByRole('heading', { level: 1 })
        14 × locator resolved to <h1>This page couldn’t load</h1>
           - unexpected value "This page couldn’t load"


      186 |
      187 |     await expect(h1(page)).toBeVisible();
    > 188 |     await expect(h1(page)).toHaveText(PAGE_TITLE);
          |                            ^
      189 |   });
      190 |
      191 |   // K-1 — hero block: compose bar and Sunner search with correct placeholders.
        at /mnt/c/Users/nguyen.van.dungc/Desktop/project/my-app/e2e/kudos-live-board.spec.ts:188:28

    Error Context: test-results/kudos-live-board-Kudos-Liv-00357-out-redirect-and-renders-h1-anon/error-context.md

  2) [anon] › e2e/kudos-live-board.spec.ts:192:7 › Kudos Live Board screen — /kudos (anon) › K-1 — hero renders compose bar and Sunner search with correct placeholders 

    Error: expect(locator).toBeVisible() failed

    Locator: getByTestId('kudos-compose')
    Expected: visible
    Timeout: 5000ms
    Error: element(s) not found

    Call log:
      - Expect "toBeVisible" with timeout 5000ms
      - waiting for getByTestId('kudos-compose')


      195 |     await page.goto(ROUTE);
      196 |
    > 197 |     await expect(composeBar(page)).toBeVisible();
          |                                    ^
      198 |     await expect(composeBar(page)).toHaveAccessibleName(COMPOSE_LABEL);
      199 |
      200 |     await expect(sunnerSearch(page)).toBeVisible();
        at /mnt/c/Users/nguyen.van.dungc/Desktop/project/my-app/e2e/kudos-live-board.spec.ts:197:36

    Error Context: test-results/kudos-live-board-Kudos-Liv-54e2c-h-with-correct-placeholders-anon/error-context.md

  3) [anon] › e2e/kudos-live-board.spec.ts:209:7 › Kudos Live Board screen — /kudos (anon) › K-2 — HIGHLIGHT KUDOS section renders heading, eyebrow, and filters 

    Error: expect(locator).toBeVisible() failed

    Locator: getByTestId('highlight-section')
    Expected: visible
    Timeout: 5000ms
    Error: element(s) not found

    Call log:
      - Expect "toBeVisible" with timeout 5000ms
      - waiting for getByTestId('highlight-section')


      213 |
      214 |     const section = highlightSection(page);
    > 215 |     await expect(section).toBeVisible();
          |                           ^
      216 |
      217 |     await expect(section.getByText(HERO_EYEBROW, { exact: true })).toBeVisible();
      218 |     await expect(
        at /mnt/c/Users/nguyen.van.dungc/Desktop/project/my-app/e2e/kudos-live-board.spec.ts:215:27

    Error Context: test-results/kudos-live-board-Kudos-Liv-21e60-heading-eyebrow-and-filters-anon/error-context.md

  4) [anon] › e2e/kudos-live-board.spec.ts:229:7 › Kudos Live Board screen — /kudos (anon) › K-3 — filter menus: hashtag has 13 options, department has 50 

    Test timeout of 30000ms exceeded.

    Error: locator.click: Test timeout of 30000ms exceeded.
    Call log:
      - waiting for getByTestId('filter-hashtag')


      233 |
      234 |     // Open hashtag filter
    > 235 |     await filterHashtagButton(page).click();
          |                                     ^
      236 |     const hashtagMenu = filterMenuHashtag(page);
      237 |     await expect(hashtagMenu).toBeVisible();
      238 |     const hashtagOptions = hashtagMenu.locator('[role="option"]');
        at /mnt/c/Users/nguyen.van.dungc/Desktop/project/my-app/e2e/kudos-live-board.spec.ts:235:37

    Error Context: test-results/kudos-live-board-Kudos-Liv-18dda-3-options-department-has-50-anon/error-context.md

  5) [anon] › e2e/kudos-live-board.spec.ts:252:7 › Kudos Live Board screen — /kudos (anon) › K-4 — carousel renders at most 5 slides with centre slide aria-current 

    Error: expect(locator).toBeVisible() failed

    Locator: getByTestId('highlight-carousel')
    Expected: visible
    Timeout: 5000ms
    Error: element(s) not found

    Call log:
      - Expect "toBeVisible" with timeout 5000ms
      - waiting for getByTestId('highlight-carousel')


      256 |
      257 |     const carousel = highlightCarousel(page);
    > 258 |     await expect(carousel).toBeVisible();
          |                            ^
      259 |
      260 |     const slides = highlightSlides(page);
      261 |     const slideCount = await slides.count();
        at /mnt/c/Users/nguyen.van.dungc/Desktop/project/my-app/e2e/kudos-live-board.spec.ts:258:28

    Error Context: test-results/kudos-live-board-Kudos-Liv-15e05-h-centre-slide-aria-current-anon/error-context.md

  6) [anon] › e2e/kudos-live-board.spec.ts:276:7 › Kudos Live Board screen — /kudos (anon) › K-5 — carousel pagination text matches expected format 

    Error: expect(locator).toBeVisible() failed

    Locator: getByTestId('carousel-pagination')
    Expected: visible
    Timeout: 5000ms
    Error: element(s) not found

    Call log:
      - Expect "toBeVisible" with timeout 5000ms
      - waiting for getByTestId('carousel-pagination')


      280 |
      281 |     const pagination = carouselPagination(page);
    > 282 |     await expect(pagination).toBeVisible();
          |                              ^
      283 |
      284 |     const text = await pagination.textContent();
      285 |     expect(text).toMatch(/^\d+\/\d+$/);
        at /mnt/c/Users/nguyen.van.dungc/Desktop/project/my-app/e2e/kudos-live-board.spec.ts:282:30

    Error Context: test-results/kudos-live-board-Kudos-Liv-bd032-ext-matches-expected-format-anon/error-context.md

  7) [anon] › e2e/kudos-live-board.spec.ts:289:7 › Kudos Live Board screen — /kudos (anon) › K-6 — carousel arrows: prev disabled at slide 1, next disabled at last 

    Error: expect(locator).toBeDisabled() failed

    Locator: getByTestId('carousel-prev')
    Expected: disabled
    Timeout: 5000ms
    Error: element(s) not found

    Call log:
      - Expect "toBeDisabled" with timeout 5000ms
      - waiting for getByTestId('carousel-prev')


      293 |
      294 |     // At start, prev should be disabled
    > 295 |     await expect(carouselPrevButton(page)).toBeDisabled();
          |                                            ^
      296 |
      297 |     const pagination = await carouselPagination(page).textContent();
      298 |     const [current, total] = pagination!.split("/").map(Number);
        at /mnt/c/Users/nguyen.van.dungc/Desktop/project/my-app/e2e/kudos-live-board.spec.ts:295:44

    Error Context: test-results/kudos-live-board-Kudos-Liv-2d038-ide-1-next-disabled-at-last-anon/error-context.md

  8) [anon] › e2e/kudos-live-board.spec.ts:309:7 › Kudos Live Board screen — /kudos (anon) › K-7 — carousel next/prev buttons move the slide 

    Test timeout of 30000ms exceeded.

    Error: locator.textContent: Test timeout of 30000ms exceeded.
    Call log:
      - waiting for getByTestId('carousel-pagination')


      310 |     await page.goto(ROUTE);
      311 |
    > 312 |     const initialPagination = await carouselPagination(page).textContent();
          |                                                              ^
      313 |     const [initialCurrent] = initialPagination!.split("/").map(Number);
      314 |
      315 |     // Click next if we can
        at /mnt/c/Users/nguyen.van.dungc/Desktop/project/my-app/e2e/kudos-live-board.spec.ts:312:62

    Error Context: test-results/kudos-live-board-Kudos-Liv-7162c-prev-buttons-move-the-slide-anon/error-context.md

  9) [anon] › e2e/kudos-live-board.spec.ts:326:7 › Kudos Live Board screen — /kudos (anon) › K-8 — filter selection resets carousel to slide 1 

    Test timeout of 30000ms exceeded.

    Error: locator.click: Test timeout of 30000ms exceeded.
    Call log:
      - waiting for getByTestId('filter-hashtag')


      328 |
      329 |     // Open hashtag filter and select first option
    > 330 |     await filterHashtagButton(page).click();
          |                                     ^
      331 |     const hashtagMenu = filterMenuHashtag(page);
      332 |     const firstOption = hashtagMenu.locator('[role="option"]').nth(0);
      333 |     await firstOption.click();
        at /mnt/c/Users/nguyen.van.dungc/Desktop/project/my-app/e2e/kudos-live-board.spec.ts:330:37

    Error Context: test-results/kudos-live-board-Kudos-Liv-ad55d--resets-carousel-to-slide-1-anon/error-context.md

  10) [anon] › e2e/kudos-live-board.spec.ts:342:7 › Kudos Live Board screen — /kudos (anon) › K-9 — kudos card renders sender, receiver, badge, time, campaign, hashtags, heart 

    Error: expect(locator).toBeVisible() failed

    Locator: getByTestId('kudos-card').first()
    Expected: visible
    Timeout: 5000ms
    Error: element(s) not found

    Call log:
      - Expect "toBeVisible" with timeout 5000ms
      - waiting for getByTestId('kudos-card').first()


      346 |
      347 |     const card = kudosCard(page).first();
    > 348 |     await expect(card).toBeVisible();
          |                        ^
      349 |
      350 |     // Sender and receiver are links
      351 |     const sender = card.getByTestId("kudos-sender");
        at /mnt/c/Users/nguyen.van.dungc/Desktop/project/my-app/e2e/kudos-live-board.spec.ts:348:24

    Error Context: test-results/kudos-live-board-Kudos-Liv-9e307-ime-campaign-hashtags-heart-anon/error-context.md

  11) [anon] › e2e/kudos-live-board.spec.ts:385:7 › Kudos Live Board screen — /kudos (anon) › K-24 — every kudos-heart is disabled for anon viewer 

    Error: expect(received).toBeGreaterThan(expected)

    Expected: > 0
    Received:   0

      390 |     const cards = kudosCard(page);
      391 |     const cardCount = await cards.count();
    > 392 |     expect(cardCount).toBeGreaterThan(0);
          |                       ^
      393 |
      394 |     // Every visible heart should be disabled
      395 |     for (let i = 0; i < cardCount; i++) {
        at /mnt/c/Users/nguyen.van.dungc/Desktop/project/my-app/e2e/kudos-live-board.spec.ts:392:23

    Error Context: test-results/kudos-live-board-Kudos-Liv-2e6ee-is-disabled-for-anon-viewer-anon/error-context.md

  12) [anon] › e2e/kudos-live-board.spec.ts:409:7 › Kudos Live Board screen — /kudos (anon) › K-11 — Copy Link shows toast with correct message 

    Error: expect(locator).toBeVisible() failed

    Locator: getByTestId('kudos-card').first().getByTestId('kudos-copy-link')
    Expected: visible
    Timeout: 5000ms
    Error: element(s) not found

    Call log:
      - Expect "toBeVisible" with timeout 5000ms
      - waiting for getByTestId('kudos-card').first().getByTestId('kudos-copy-link')


      415 |     const card = kudosCard(page).first();
      416 |     const copyButton = card.getByTestId("kudos-copy-link");
    > 417 |     await expect(copyButton).toBeVisible();
          |                              ^
      418 |
      419 |     await copyButton.click();
      420 |
        at /mnt/c/Users/nguyen.van.dungc/Desktop/project/my-app/e2e/kudos-live-board.spec.ts:417:30

    Error Context: test-results/kudos-live-board-Kudos-Liv-f9102--toast-with-correct-message-anon/error-context.md

  13) [anon] › e2e/kudos-live-board.spec.ts:427:7 › Kudos Live Board screen — /kudos (anon) › K-12 — Xem chi tiết link present on highlight cards 

    Error: expect(locator).toBeVisible() failed

    Locator: getByTestId('highlight-carousel').getByTestId('kudos-detail-link')
    Expected: visible
    Timeout: 5000ms
    Error: element(s) not found

    Call log:
      - Expect "toBeVisible" with timeout 5000ms
      - waiting for getByTestId('highlight-carousel').getByTestId('kudos-detail-link')


      435 |       "kudos-detail-link",
      436 |     );
    > 437 |     await expect(detailLink).toBeVisible();
          |                              ^
      438 |     await expect(detailLink).toHaveAttribute("href", /\/kudos\/\d+/);
      439 |   });
      440 |
        at /mnt/c/Users/nguyen.van.dungc/Desktop/project/my-app/e2e/kudos-live-board.spec.ts:437:30

    Error Context: test-results/kudos-live-board-Kudos-Liv-95b6e--present-on-highlight-cards-anon/error-context.md

  14) [anon] › e2e/kudos-live-board.spec.ts:442:7 › Kudos Live Board screen — /kudos (anon) › K-13 — SPOTLIGHT BOARD renders heading, count, and search 

    Error: expect(locator).toBeVisible() failed

    Locator: getByTestId('spotlight-section')
    Expected: visible
    Timeout: 5000ms
    Error: element(s) not found

    Call log:
      - Expect "toBeVisible" with timeout 5000ms
      - waiting for getByTestId('spotlight-section')


      446 |
      447 |     const section = spotlightSection(page);
    > 448 |     await expect(section).toBeVisible();
          |                           ^
      449 |
      450 |     await expect(section.getByText(HERO_EYEBROW, { exact: true })).toBeVisible();
      451 |     await expect(
        at /mnt/c/Users/nguyen.van.dungc/Desktop/project/my-app/e2e/kudos-live-board.spec.ts:448:27

    Error Context: test-results/kudos-live-board-Kudos-Liv-39672-rs-heading-count-and-search-anon/error-context.md

  15) [anon] › e2e/kudos-live-board.spec.ts:469:7 › Kudos Live Board screen — /kudos (anon) › K-14 — spotlight nodes present and search narrows them 

    Error: expect(received).toBeGreaterThan(expected)

    Expected: > 0
    Received:   0

      474 |     const nodes = spotlightNode(page);
      475 |     const initialCount = await nodes.count();
    > 476 |     expect(initialCount).toBeGreaterThan(0);
          |                          ^
      477 |
      478 |     // Type into the search
      479 |     const search = spotlightSearch(page);
        at /mnt/c/Users/nguyen.van.dungc/Desktop/project/my-app/e2e/kudos-live-board.spec.ts:476:26

    Error Context: test-results/kudos-live-board-Kudos-Liv-ff677-ent-and-search-narrows-them-anon/error-context.md

  16) [anon] › e2e/kudos-live-board.spec.ts:489:7 › Kudos Live Board screen — /kudos (anon) › K-15 — spotlight pan/zoom and expand buttons have aria-pressed 

    Error: expect(locator).toBeVisible() failed

    Locator: getByTestId('spotlight-panzoom')
    Expected: visible
    Timeout: 5000ms
    Error: element(s) not found

    Call log:
      - Expect "toBeVisible" with timeout 5000ms
      - waiting for getByTestId('spotlight-panzoom')


      492 |     await page.goto(ROUTE);
      493 |
    > 494 |     await expect(spotlightPanzoom(page)).toBeVisible();
          |                                          ^
      495 |     await expect(spotlightPanzoom(page)).toHaveAttribute("aria-pressed");
      496 |     await expect(spotlightPanzoom(page)).toHaveAttribute("title", "Pan/Zoom");
      497 |
        at /mnt/c/Users/nguyen.van.dungc/Desktop/project/my-app/e2e/kudos-live-board.spec.ts:494:42

    Error Context: test-results/kudos-live-board-Kudos-Liv-e340c-d-buttons-have-aria-pressed-anon/error-context.md

  17) [anon] › e2e/kudos-live-board.spec.ts:503:7 › Kudos Live Board screen — /kudos (anon) › K-16 — spotlight ticker rows present 

    Error: expect(locator).toBeVisible() failed

    Locator: getByTestId('spotlight-ticker')
    Expected: visible
    Timeout: 5000ms
    Error: element(s) not found

    Call log:
      - Expect "toBeVisible" with timeout 5000ms
      - waiting for getByTestId('spotlight-ticker')


      505 |
      506 |     const tickerContainer = spotlightTicker(page);
    > 507 |     await expect(tickerContainer).toBeVisible();
          |                                   ^
      508 |   });
      509 |
      510 |   // K-17 — ALL KUDOS section: heading, card feed, infinite-scroll sentinel.
        at /mnt/c/Users/nguyen.van.dungc/Desktop/project/my-app/e2e/kudos-live-board.spec.ts:507:35

    Error Context: test-results/kudos-live-board-Kudos-Liv-daa54-otlight-ticker-rows-present-anon/error-context.md

  18) [anon] › e2e/kudos-live-board.spec.ts:511:7 › Kudos Live Board screen — /kudos (anon) › K-17 — ALL KUDOS section renders heading and feed 

    Error: expect(locator).toBeVisible() failed

    Locator: getByTestId('all-kudos-section')
    Expected: visible
    Timeout: 5000ms
    Error: element(s) not found

    Call log:
      - Expect "toBeVisible" with timeout 5000ms
      - waiting for getByTestId('all-kudos-section')


      515 |
      516 |     const section = allKudosSection(page);
    > 517 |     await expect(section).toBeVisible();
          |                           ^
      518 |
      519 |     await expect(
      520 |       section.getByRole("heading", { level: 2, name: "ALL KUDOS" }),
        at /mnt/c/Users/nguyen.van.dungc/Desktop/project/my-app/e2e/kudos-live-board.spec.ts:517:27

    Error Context: test-results/kudos-live-board-Kudos-Liv-fe5cd-on-renders-heading-and-feed-anon/error-context.md

  19) [anon] › e2e/kudos-live-board.spec.ts:535:7 › Kudos Live Board screen — /kudos (anon) › K-18 — sidebar renders 5 stat rows in exact order 

    Error: expect(locator).toBeVisible() failed

    Locator: getByTestId('kudos-sidebar')
    Expected: visible
    Timeout: 5000ms
    Error: element(s) not found

    Call log:
      - Expect "toBeVisible" with timeout 5000ms
      - waiting for getByTestId('kudos-sidebar')


      539 |
      540 |     const sidebar = kudosSidebar(page);
    > 541 |     await expect(sidebar).toBeVisible();
          |                           ^
      542 |
      543 |     const stats = sidebar.locator('[data-testid="sidebar-stat"]');
      544 |     await expect(stats).toHaveCount(SIDEBAR_STATS.length);
        at /mnt/c/Users/nguyen.van.dungc/Desktop/project/my-app/e2e/kudos-live-board.spec.ts:541:27

    Error Context: test-results/kudos-live-board-Kudos-Liv-252a7--5-stat-rows-in-exact-order-anon/error-context.md

  20) [anon] › e2e/kudos-live-board.spec.ts:553:7 › Kudos Live Board screen — /kudos (anon) › K-19 — Secret Box button present with correct label and href 

    Error: expect(locator).toBeVisible() failed

    Locator: getByTestId('secret-box-button')
    Expected: visible
    Timeout: 5000ms
    Error: element(s) not found

    Call log:
      - Expect "toBeVisible" with timeout 5000ms
      - waiting for getByTestId('secret-box-button')


      557 |
      558 |     const button = secretBoxButton(page);
    > 559 |     await expect(button).toBeVisible();
          |                          ^
      560 |     await expect(button).toHaveAccessibleName(SECRET_BOX_LABEL);
      561 |     await expect(button).toHaveAttribute("href", "/kudos/secret-box");
      562 |   });
        at /mnt/c/Users/nguyen.van.dungc/Desktop/project/my-app/e2e/kudos-live-board.spec.ts:559:26

    Error Context: test-results/kudos-live-board-Kudos-Liv-c9e42-with-correct-label-and-href-anon/error-context.md

  21) [anon] › e2e/kudos-live-board.spec.ts:565:7 › Kudos Live Board screen — /kudos (anon) › K-20 — gift leaderboard heading present 

    Error: expect(locator).toBeVisible() failed

    Locator: getByTestId('gift-leaderboard')
    Expected: visible
    Timeout: 5000ms
    Error: element(s) not found

    Call log:
      - Expect "toBeVisible" with timeout 5000ms
      - waiting for getByTestId('gift-leaderboard')


      567 |
      568 |     const leaderboard = giftLeaderboard(page);
    > 569 |     await expect(leaderboard).toBeVisible();
          |                               ^
      570 |     await expect(leaderboard.getByText(GIFT_LEADERBOARD_HEADING)).toBeVisible();
      571 |   });
      572 |
        at /mnt/c/Users/nguyen.van.dungc/Desktop/project/my-app/e2e/kudos-live-board.spec.ts:569:31

    Error Context: test-results/kudos-live-board-Kudos-Liv-01429-leaderboard-heading-present-anon/error-context.md

  22) [anon] › e2e/kudos-live-board.spec.ts:595:7 › Kudos Live Board screen — /kudos (anon) › K-22 — compose bar links to /kudos/new 

    Error: expect(locator).toBeVisible() failed

    Locator: getByTestId('kudos-compose')
    Expected: visible
    Timeout: 5000ms
    Error: element(s) not found

    Call log:
      - Expect "toBeVisible" with timeout 5000ms
      - waiting for getByTestId('kudos-compose')


      597 |
      598 |     const compose = composeBar(page);
    > 599 |     await expect(compose).toBeVisible();
          |                           ^
      600 |     await expect(compose).toHaveAttribute("href", "/kudos/new");
      601 |   });
      602 |
        at /mnt/c/Users/nguyen.van.dungc/Desktop/project/my-app/e2e/kudos-live-board.spec.ts:599:27

    Error Context: test-results/kudos-live-board-Kudos-Liv-02e27-pose-bar-links-to-kudos-new-anon/error-context.md

  23) [anon] › e2e/kudos-live-board.spec.ts:604:7 › Kudos Live Board screen — /kudos (anon) › K-23 — Sunner search maxlength is 100 

    Error: expect(locator).toHaveAttribute(expected) failed

    Locator: getByTestId('sunner-search')
    Expected: "100"
    Timeout: 5000ms
    Error: element(s) not found

    Call log:
      - Expect "toHaveAttribute" with timeout 5000ms
      - waiting for getByTestId('sunner-search')


      606 |
      607 |     const search = sunnerSearch(page);
    > 608 |     await expect(search).toHaveAttribute("maxlength", "100");
          |                          ^
      609 |   });
      610 | });
      611 |
        at /mnt/c/Users/nguyen.van.dungc/Desktop/project/my-app/e2e/kudos-live-board.spec.ts:608:26

    Error Context: test-results/kudos-live-board-Kudos-Liv-d9d44-ner-search-maxlength-is-100-anon/error-context.md

  23 failed
    [anon] › e2e/kudos-live-board.spec.ts:181:7 › Kudos Live Board screen — /kudos (anon) › K-0 — route loads publicly without redirect and renders h1 
    [anon] › e2e/kudos-live-board.spec.ts:192:7 › Kudos Live Board screen — /kudos (anon) › K-1 — hero renders compose bar and Sunner search with correct placeholders 
    [anon] › e2e/kudos-live-board.spec.ts:209:7 › Kudos Live Board screen — /kudos (anon) › K-2 — HIGHLIGHT KUDOS section renders heading, eyebrow, and filters 
    [anon] › e2e/kudos-live-board.spec.ts:229:7 › Kudos Live Board screen — /kudos (anon) › K-3 — filter menus: hashtag has 13 options, department has 50 
    [anon] › e2e/kudos-live-board.spec.ts:252:7 › Kudos Live Board screen — /kudos (anon) › K-4 — carousel renders at most 5 slides with centre slide aria-current 
    [anon] › e2e/kudos-live-board.spec.ts:276:7 › Kudos Live Board screen — /kudos (anon) › K-5 — carousel pagination text matches expected format 
    [anon] › e2e/kudos-live-board.spec.ts:289:7 › Kudos Live Board screen — /kudos (anon) › K-6 — carousel arrows: prev disabled at slide 1, next disabled at last 
    [anon] › e2e/kudos-live-board.spec.ts:309:7 › Kudos Live Board screen — /kudos (anon) › K-7 — carousel next/prev buttons move the slide 
    [anon] › e2e/kudos-live-board.spec.ts:326:7 › Kudos Live Board screen — /kudos (anon) › K-8 — filter selection resets carousel to slide 1 
    [anon] › e2e/kudos-live-board.spec.ts:342:7 › Kudos Live Board screen — /kudos (anon) › K-9 — kudos card renders sender, receiver, badge, time, campaign, hashtags, heart 
    [anon] › e2e/kudos-live-board.spec.ts:385:7 › Kudos Live Board screen — /kudos (anon) › K-24 — every kudos-heart is disabled for anon viewer 
    [anon] › e2e/kudos-live-board.spec.ts:409:7 › Kudos Live Board screen — /kudos (anon) › K-11 — Copy Link shows toast with correct message 
    [anon] › e2e/kudos-live-board.spec.ts:427:7 › Kudos Live Board screen — /kudos (anon) › K-12 — Xem chi tiết link present on highlight cards 
    [anon] › e2e/kudos-live-board.spec.ts:442:7 › Kudos Live Board screen — /kudos (anon) › K-13 — SPOTLIGHT BOARD renders heading, count, and search 
    [anon] › e2e/kudos-live-board.spec.ts:469:7 › Kudos Live Board screen — /kudos (anon) › K-14 — spotlight nodes present and search narrows them 
    [anon] › e2e/kudos-live-board.spec.ts:489:7 › Kudos Live Board screen — /kudos (anon) › K-15 — spotlight pan/zoom and expand buttons have aria-pressed 
    [anon] › e2e/kudos-live-board.spec.ts:503:7 › Kudos Live Board screen — /kudos (anon) › K-16 — spotlight ticker rows present 
    [anon] › e2e/kudos-live-board.spec.ts:511:7 › Kudos Live Board screen — /kudos (anon) › K-17 — ALL KUDOS section renders heading and feed 
    [anon] › e2e/kudos-live-board.spec.ts:535:7 › Kudos Live Board screen — /kudos (anon) › K-18 — sidebar renders 5 stat rows in exact order 
    [anon] › e2e/kudos-live-board.spec.ts:553:7 › Kudos Live Board screen — /kudos (anon) › K-19 — Secret Box button present with correct label and href 
    [anon] › e2e/kudos-live-board.spec.ts:565:7 › Kudos Live Board screen — /kudos (anon) › K-20 — gift leaderboard heading present 
    [anon] › e2e/kudos-live-board.spec.ts:595:7 › Kudos Live Board screen — /kudos (anon) › K-22 — compose bar links to /kudos/new 
    [anon] › e2e/kudos-live-board.spec.ts:604:7 › Kudos Live Board screen — /kudos (anon) › K-23 — Sunner search maxlength is 100 
  2 passed (5.4m)
EXIT=1
