
Running 108 tests using 6 workers

✓ Test session created and saved to e2e/.auth/user.json
  Test user email: e2e-1788839662726-2115587-vfl8mq@example.com
  Auth token cookie: sb-127-auth-token
Warming client bundles...
✓ Profile session created and saved to e2e/.auth/profile-user.json
  Test user email: e2e-1788839662727-2115588-9dwigv@example.com
  Auth token cookie: sb-127-auth-token
  ✓    1 [profile-auth-setup] › e2e/profile-auth.setup.ts:24:6 › profile: create independent session (217ms)
✓ Client bundles warmed (hydration complete)
  ✓    2 [setup] › e2e/auth.setup.ts:60:6 › authenticate and save state (3.7s)
  ✓    8 [anon] › e2e/callback-security.spec.ts:21:7 › Callback Security (anon project) › Host: evil.com on error branch is rejected (unauthenticated exploit) (812ms)
  ✓    9 [anon] › e2e/callback-security.spec.ts:41:7 › Callback Security (anon project) › Host: evil.com with neither code nor error is rejected (967ms)
  ✓   10 [anon] › e2e/callback-security.spec.ts:60:7 › Callback Security (anon project) › x-forwarded-host: evil.com is rejected (457ms)
  ✓   11 [anon] › e2e/callback-security.spec.ts:76:7 › Callback Security (anon project) › next as absolute URL to evil.com is rejected (140ms)
  ✓   12 [anon] › e2e/callback-security.spec.ts:91:7 › Callback Security (anon project) › next as protocol-relative //evil.com is rejected (217ms)
  ✓   13 [anon] › e2e/callback-security.spec.ts:108:7 › Callback Security (anon project) › next with backslash variant /\evil.com is rejected (207ms)
  ✓   14 [anon] › e2e/callback-security.spec.ts:126:7 › Callback Security (anon project) › next as a valid same-origin path is accepted in redirect (192ms)
[WebServer] ⨯ upstream image http://127.0.0.1:54321/storage/v1/object/public/kudos-attachments/504f5578-36a8-4017-b702-1e333fb8134d/1788762555958-87816d8a-4d00-4d62-98d8-963e7ead1352.jpg hostname resolved to private IP ["127.0.0.1"] If this is expected and you understand SSRF risk, use images.dangerouslyAllowLocalIP = true to continue.
  ✓    3 [anon] › e2e/login-screen.spec.ts:5:7 › Login Screen (anon project) › C1 [FR-201, US003] — renders header, hero, ROOT FURTHER wordmark, tagline, login button, locale selector, and footer (3.5s)
  ✓    7 [anon] › e2e/homepage.spec.ts:5:7 › Homepage SAA — Anonymous Visitor (anon project) › ID-0 [FR-100] — homepage loads publicly without authentication (3.4s)
  ✓    4 [anon] › e2e/profile-anon.spec.ts:16:7 › Profile screen — access control (anon) › ACC_001 — /profile redirects unauthenticated visitor to /login (3.6s)
  ✓    6 [anon] › e2e/kudos-live-board.spec.ts:181:7 › Kudos Live Board screen — /kudos (anon) › K-0 — route loads publicly without redirect and renders h1 (3.7s)
[WebServer] ⨯ upstream image http://127.0.0.1:54321/storage/v1/object/public/kudos-attachments/504f5578-36a8-4017-b702-1e333fb8134d/1788762555958-87816d8a-4d00-4d62-98d8-963e7ead1352.jpg hostname resolved to private IP ["127.0.0.1"] If this is expected and you understand SSRF risk, use images.dangerouslyAllowLocalIP = true to continue.
  ✓   16 [anon] › e2e/login-screen.spec.ts:41:7 › Login Screen (anon project) › C2 [FR-402, DEC-001] — displays error message when redirected with error=oauth_failed (2.2s)
  ✓    5 [anon] › e2e/award-system.spec.ts:138:7 › Award System screen — /awards-information (anon) › ID-0/2 — route loads without redirect and the header nav item reaches it and is aria-current=page (5.8s)
  ✓   15 [anon] › e2e/route-guard.spec.ts:6:7 › Route Guards (anon project) › C6 [FR-101, FR-602, SC-001] — unauthenticated access to /todo redirects to /login (2.4s)
  ✓   18 [anon] › e2e/profile-anon.spec.ts:28:7 › Profile screen — access control (anon) › ACC_002 — /profile?id=1 redirects unauthenticated visitor to /login (2.3s)
  ✓   17 [anon] › e2e/homepage.spec.ts:16:7 › Homepage SAA — Anonymous Visitor (anon project) › ID-7 [FR-101] — page structure includes header, hero, countdown, awards grid, Kudos section, and footer (2.4s)
  ✓   19 [anon] › e2e/kudos-live-board.spec.ts:192:7 › Kudos Live Board screen — /kudos (anon) › K-1 — hero renders compose bar and Sunner search with correct placeholders (2.3s)
[WebServer] ⨯ upstream image http://127.0.0.1:54321/storage/v1/object/public/kudos-attachments/504f5578-36a8-4017-b702-1e333fb8134d/1788762555958-87816d8a-4d00-4d62-98d8-963e7ead1352.jpg hostname resolved to private IP ["127.0.0.1"] If this is expected and you understand SSRF risk, use images.dangerouslyAllowLocalIP = true to continue.
  ✓   23 [anon] › e2e/smoke.spec.ts:7:5 › dev server responds and renders a non-empty page (1.9s)
  ✓   22 [anon] › e2e/route-guard.spec.ts:21:7 › Route Guards (anon project) › ID-1 [Viết Kudo] — unauthenticated access to /kudos/new redirects to /login (2.0s)
  ✓   24 [anon] › e2e/homepage.spec.ts:50:7 › Homepage SAA — Anonymous Visitor (anon project) › ID-9 [FR-102] — About SAA 2025 nav item is marked as selected on homepage (2.0s)
  ✓   25 [anon] › e2e/kudos-live-board.spec.ts:209:7 › Kudos Live Board screen — /kudos (anon) › K-2 — HIGHLIGHT KUDOS section renders heading, eyebrow, and filters (2.0s)
  ✓   21 [anon] › e2e/award-system.spec.ts:163:7 › Award System screen — /awards-information (anon) › ID-3 — page structure renders banner, h1, award-nav, six award sections, Kudos block and footer in document order (2.3s)
  ✓   20 [anon] › e2e/login-screen.spec.ts:52:7 › Login Screen (anon project) › C3 [FR-203, US003] — switching locale to EN updates page content and sets NEXT_LOCALE cookie (2.4s)
[WebServer] ⨯ upstream image http://127.0.0.1:54321/storage/v1/object/public/kudos-attachments/504f5578-36a8-4017-b702-1e333fb8134d/1788762555958-87816d8a-4d00-4d62-98d8-963e7ead1352.jpg hostname resolved to private IP ["127.0.0.1"] If this is expected and you understand SSRF risk, use images.dangerouslyAllowLocalIP = true to continue.
  ✓   26 [anon] › e2e/homepage.spec.ts:70:7 › Homepage SAA — Anonymous Visitor (anon project) › ID-12 [FR-103] — countdown displays three 2-digit units labeled DAYS, HOURS, MINUTES (1.5s)
  ✓   29 [anon] › e2e/login-screen.spec.ts:87:7 › Login Screen (anon project) › C3b [FR-203] — open dropdown shows a flag beside every locale option (1.4s)
  ✓   28 [anon] › e2e/award-system.spec.ts:197:7 › Award System screen — /awards-information (anon) › W-3 — one h1, h1 → six h2 → Kudos h2, each award section accessibly named, category nav labelled (1.5s)
[WebServer] [browser] Image with src "http://127.0.0.1:3000/images/home/kudos-logo.svg" has either width or height modified, but not the other. If you use CSS to change the size of your image, also include the styles 'width: "auto"' or 'height: "auto"' to maintain the aspect ratio.
[WebServer] [browser] Image with src "/images/kudos/kv-background.png" has either width or height modified, but not the other. If you use CSS to change the size of your image, also include the styles 'width: "auto"' or 'height: "auto"' to maintain the aspect ratio.
  ✓   27 [anon] › e2e/kudos-live-board.spec.ts:229:7 › Kudos Live Board screen — /kudos (anon) › K-3 — filter menus: hashtag has 13 options, department has 50 (1.9s)
  ✓   30 [anon] › e2e/homepage.spec.ts:97:7 › Homepage SAA — Anonymous Visitor (anon project) › ID-13 [FR-104] — Coming soon label visible when event is in the future (1.8s)
[WebServer] ⨯ upstream image http://127.0.0.1:54321/storage/v1/object/public/kudos-attachments/504f5578-36a8-4017-b702-1e333fb8134d/1788762555958-87816d8a-4d00-4d62-98d8-963e7ead1352.jpg hostname resolved to private IP ["127.0.0.1"] If this is expected and you understand SSRF risk, use images.dangerouslyAllowLocalIP = true to continue.
  ✓   31 [anon] › e2e/login-screen.spec.ts:116:7 › Login Screen (anon project) › C3c [FR-203] — open panel visual contract (background, border, radius, padding, option size) (2.1s)
  ✓   34 [anon] › e2e/kudos-live-board.spec.ts:252:7 › Kudos Live Board screen — /kudos (anon) › K-4 — carousel renders at most 5 slides with centre slide aria-current (1.9s)
  ✓   32 [anon] › e2e/award-system.spec.ts:241:7 › Award System screen — /awards-information (anon) › ID-4 — hero title block shows the eyebrow and the exact page heading (2.4s)
[WebServer] ⨯ upstream image http://127.0.0.1:54321/storage/v1/object/public/kudos-attachments/504f5578-36a8-4017-b702-1e333fb8134d/1788762555958-87816d8a-4d00-4d62-98d8-963e7ead1352.jpg hostname resolved to private IP ["127.0.0.1"] If this is expected and you understand SSRF risk, use images.dangerouslyAllowLocalIP = true to continue.
  ✓   35 [anon] › e2e/homepage.spec.ts:109:7 › Homepage SAA — Anonymous Visitor (anon project) › ID-14 [FR-105] — event information block displays correct date, venue, and livestream note (1.6s)
  ✓   37 [anon] › e2e/kudos-live-board.spec.ts:276:7 › Kudos Live Board screen — /kudos (anon) › K-5 — carousel pagination text matches expected format (1.5s)
  ✓   38 [anon] › e2e/award-system.spec.ts:254:7 › Award System screen — /awards-information (anon) › ID-5 — left category menu lists exactly 6 items in design order (1.3s)
  ✓   36 [anon] › e2e/login-screen.spec.ts:139:7 › Login Screen (anon project) › C3d [FR-203.b] — selected and unselected option backgrounds, hover state (1.7s)
  ✓   39 [anon] › e2e/homepage.spec.ts:128:7 › Homepage SAA — Anonymous Visitor (anon project) › ID-15 [FR-106] — awards grid displays all 6 award category cards (1.1s)
[WebServer] ⨯ upstream image http://127.0.0.1:54321/storage/v1/object/public/kudos-attachments/504f5578-36a8-4017-b702-1e333fb8134d/1788762555958-87816d8a-4d00-4d62-98d8-963e7ead1352.jpg hostname resolved to private IP ["127.0.0.1"] If this is expected and you understand SSRF risk, use images.dangerouslyAllowLocalIP = true to continue.
  ✓   40 [anon] › e2e/kudos-live-board.spec.ts:289:7 › Kudos Live Board screen — /kudos (anon) › K-6 — carousel arrows: prev disabled at slide 1, next disabled at last (1.6s)
  ✓   41 [anon] › e2e/award-system.spec.ts:272:7 › Award System screen — /awards-information (anon) › ID-6 — all six awards render title, quantity, unit, prize amounts and notes (2.0s)
  ✓   42 [anon] › e2e/login-screen.spec.ts:170:7 › Login Screen (anon project) › C3e [FR-203.c] — keyboard navigation (Arrow keys, Home, End, Escape, Enter) (2.8s)
  ✓   43 [anon] › e2e/homepage.spec.ts:144:7 › Homepage SAA — Anonymous Visitor (anon project) › ID-16 [FR-107] — awards grid is responsive: 3 columns at desktop, 2 columns at tablet/mobile (2.3s)
[WebServer] ⨯ upstream image http://127.0.0.1:54321/storage/v1/object/public/kudos-attachments/504f5578-36a8-4017-b702-1e333fb8134d/1788762555958-87816d8a-4d00-4d62-98d8-963e7ead1352.jpg hostname resolved to private IP ["127.0.0.1"] If this is expected and you understand SSRF risk, use images.dangerouslyAllowLocalIP = true to continue.
[WebServer] [browser] Image with src "http://127.0.0.1:3000/images/home/kudos-logo.svg" has either width or height modified, but not the other. If you use CSS to change the size of your image, also include the styles 'width: "auto"' or 'height: "auto"' to maintain the aspect ratio.
[WebServer] [browser] Image with src "/images/kudos/kv-background.png" has either width or height modified, but not the other. If you use CSS to change the size of your image, also include the styles 'width: "auto"' or 'height: "auto"' to maintain the aspect ratio.
[WebServer] ⨯ upstream image http://127.0.0.1:54321/storage/v1/object/public/kudos-attachments/eee92d98-a44f-4013-b4c1-f461ce126dbd/1788760797757-330daf89-2c61-4c1d-bdfe-301c18e2d9cf.jpg hostname resolved to private IP ["127.0.0.1"] If this is expected and you understand SSRF risk, use images.dangerouslyAllowLocalIP = true to continue.
  ✓   44 [anon] › e2e/kudos-live-board.spec.ts:309:7 › Kudos Live Board screen — /kudos (anon) › K-7 — carousel next/prev buttons move the slide (2.6s)
  ✓   45 [anon] › e2e/award-system.spec.ts:320:7 › Award System screen — /awards-information (anon) › ID-7 — every award card renders its image with the award title as alt text, undistorted at 336x336 (2.4s)
  ✓   46 [anon] › e2e/login-screen.spec.ts:232:7 › Login Screen (anon project) › C4 [BR-003] — invalid NEXT_LOCALE value falls back to VN without blank page (1.7s)
  ✓   47 [anon] › e2e/homepage.spec.ts:193:7 › Homepage SAA — Anonymous Visitor (anon project) › ID-17 [FR-108] — footer displays logo, navigation links, and copyright text (1.7s)
[WebServer] ⨯ upstream image http://127.0.0.1:54321/storage/v1/object/public/kudos-attachments/504f5578-36a8-4017-b702-1e333fb8134d/1788762555958-87816d8a-4d00-4d62-98d8-963e7ead1352.jpg hostname resolved to private IP ["127.0.0.1"] If this is expected and you understand SSRF risk, use images.dangerouslyAllowLocalIP = true to continue.
  ✓   49 [anon] › e2e/award-system.spec.ts:345:7 › Award System screen — /awards-information (anon) › ID-8 — Sun* Kudos block renders eyebrow, title, subtitle and the Chi tiết control (2.5s)
[WebServer] [browser] Image with src "http://127.0.0.1:3000/images/home/kudos-logo.svg" has either width or height modified, but not the other. If you use CSS to change the size of your image, also include the styles 'width: "auto"' or 'height: "auto"' to maintain the aspect ratio.
[WebServer] [browser] Image with src "/images/kudos/kv-background.png" has either width or height modified, but not the other. If you use CSS to change the size of your image, also include the styles 'width: "auto"' or 'height: "auto"' to maintain the aspect ratio.
  ✓   50 [anon] › e2e/login-screen.spec.ts:256:7 › Login Screen (anon project) › C5 [FR-202, FR-601, SM-001, SC-003] — clicking login button initiates OAuth flow with provider=google (2.6s)
  ✓   48 [anon] › e2e/kudos-live-board.spec.ts:326:7 › Kudos Live Board screen — /kudos (anon) › K-8 — filter selection resets carousel to slide 1 (3.1s)
[WebServer] ⨯ upstream image http://127.0.0.1:54321/storage/v1/object/public/kudos-attachments/eee92d98-a44f-4013-b4c1-f461ce126dbd/1788760797757-330daf89-2c61-4c1d-bdfe-301c18e2d9cf.jpg hostname resolved to private IP ["127.0.0.1"] If this is expected and you understand SSRF risk, use images.dangerouslyAllowLocalIP = true to continue.
  ✓   51 [anon] › e2e/homepage.spec.ts:221:7 › Homepage SAA — Anonymous Visitor (anon project) › ID-18 [FR-108b] — header logo navigates to home from non-home route (3.3s)
[WebServer] ⨯ upstream image http://127.0.0.1:54321/storage/v1/object/public/kudos-attachments/504f5578-36a8-4017-b702-1e333fb8134d/1788762555958-87816d8a-4d00-4d62-98d8-963e7ead1352.jpg hostname resolved to private IP ["127.0.0.1"] If this is expected and you understand SSRF risk, use images.dangerouslyAllowLocalIP = true to continue.
  ✓   53 [anon] › e2e/login-screen.spec.ts:296:7 › Login Screen (anon project) › C10 — callback open-redirect protection rejects external next URL (2.1s)
  ✓   54 [anon] › e2e/kudos-live-board.spec.ts:342:7 › Kudos Live Board screen — /kudos (anon) › K-9 — kudos card renders sender, receiver, badge, time, campaign, hashtags, heart (2.3s)
  ✓   55 [anon] › e2e/homepage.spec.ts:246:7 › Homepage SAA — Anonymous Visitor (anon project) › ID-19 [FR-108c] — footer logo navigates to home from non-home route (2.2s)
[WebServer] ⨯ upstream image http://127.0.0.1:54321/storage/v1/object/public/kudos-attachments/504f5578-36a8-4017-b702-1e333fb8134d/1788762555958-87816d8a-4d00-4d62-98d8-963e7ead1352.jpg hostname resolved to private IP ["127.0.0.1"] If this is expected and you understand SSRF risk, use images.dangerouslyAllowLocalIP = true to continue.
  ✓   56 [anon] › e2e/kudos-live-board.spec.ts:385:7 › Kudos Live Board screen — /kudos (anon) › K-24 — every kudos-heart is disabled for anon viewer (1.5s)
  ✓   52 [anon] › e2e/award-system.spec.ts:360:7 › Award System screen — /awards-information (anon) › ID-9/11 — clicking each menu item scrolls to its section and keeps exactly one active item (4.5s)
[WebServer] ⨯ upstream image http://127.0.0.1:54321/storage/v1/object/public/kudos-attachments/504f5578-36a8-4017-b702-1e333fb8134d/1788762555958-87816d8a-4d00-4d62-98d8-963e7ead1352.jpg hostname resolved to private IP ["127.0.0.1"] If this is expected and you understand SSRF risk, use images.dangerouslyAllowLocalIP = true to continue.
[WebServer] ⨯ upstream image http://127.0.0.1:54321/storage/v1/object/public/kudos-attachments/eee92d98-a44f-4013-b4c1-f461ce126dbd/1788760797757-330daf89-2c61-4c1d-bdfe-301c18e2d9cf.jpg hostname resolved to private IP ["127.0.0.1"] If this is expected and you understand SSRF risk, use images.dangerouslyAllowLocalIP = true to continue.
[WebServer] [browser] Image with src "http://127.0.0.1:3000/images/home/kudos-logo.svg" has either width or height modified, but not the other. If you use CSS to change the size of your image, also include the styles 'width: "auto"' or 'height: "auto"' to maintain the aspect ratio.
[WebServer] [browser] Image with src "/images/kudos/kv-background.png" has either width or height modified, but not the other. If you use CSS to change the size of your image, also include the styles 'width: "auto"' or 'height: "auto"' to maintain the aspect ratio.
  ✓   58 [anon] › e2e/kudos-live-board.spec.ts:409:7 › Kudos Live Board screen — /kudos (anon) › K-11 — Copy Link shows toast with correct message (1.5s)
  ✓   59 [anon] › e2e/award-system.spec.ts:394:7 › Award System screen — /awards-information (anon) › ID-10 — menu items are interactive links that respond to hover (1.3s)
[WebServer] ⨯ upstream image http://127.0.0.1:54321/storage/v1/object/public/kudos-attachments/504f5578-36a8-4017-b702-1e333fb8134d/1788762555958-87816d8a-4d00-4d62-98d8-963e7ead1352.jpg hostname resolved to private IP ["127.0.0.1"] If this is expected and you understand SSRF risk, use images.dangerouslyAllowLocalIP = true to continue.
  ✓   60 [anon] › e2e/kudos-live-board.spec.ts:427:7 › Kudos Live Board screen — /kudos (anon) › K-12 — Xem chi tiết link present on highlight cards (912ms)
  ✘   57 [anon] › e2e/homepage.spec.ts:269:7 › Homepage SAA — Anonymous Visitor (anon project) › ID-39 [FR-109] — countdown decreases in real time without a page reload (3.7s)
  ✘   33 [profile-authed] › e2e/profile.spec.ts:124:7 › Profile screen — /profile (profile-authed) › TC_WEB_PROFILE_FUN_001 — /profile?id={other} renders that Sunner's profile (17.5s)
[WebServer] ⨯ upstream image http://127.0.0.1:54321/storage/v1/object/public/kudos-attachments/504f5578-36a8-4017-b702-1e333fb8134d/1788762555958-87816d8a-4d00-4d62-98d8-963e7ead1352.jpg hostname resolved to private IP ["127.0.0.1"] If this is expected and you understand SSRF risk, use images.dangerouslyAllowLocalIP = true to continue.
  ✓   61 [anon] › e2e/award-system.spec.ts:411:7 › Award System screen — /awards-information (anon) › ID-12 — Kudos Chi tiết control navigates to /kudos (1.6s)
  ✓   62 [anon] › e2e/kudos-live-board.spec.ts:442:7 › Kudos Live Board screen — /kudos (anon) › K-13 — SPOTLIGHT BOARD renders heading, count, and search (1.0s)
[WebServer] ⨯ upstream image http://127.0.0.1:54321/storage/v1/object/public/kudos-attachments/504f5578-36a8-4017-b702-1e333fb8134d/1788762555958-87816d8a-4d00-4d62-98d8-963e7ead1352.jpg hostname resolved to private IP ["127.0.0.1"] If this is expected and you understand SSRF risk, use images.dangerouslyAllowLocalIP = true to continue.
  ✓   63 [anon] › e2e/award-system.spec.ts:423:7 › Award System screen — /awards-information (anon) › ID-13 — an invalid hash raises no page error and the screen stays functional (1.4s)
[WebServer] ⨯ upstream image http://127.0.0.1:54321/storage/v1/object/public/kudos-attachments/eee92d98-a44f-4013-b4c1-f461ce126dbd/1788760797757-330daf89-2c61-4c1d-bdfe-301c18e2d9cf.jpg hostname resolved to private IP ["127.0.0.1"] If this is expected and you understand SSRF risk, use images.dangerouslyAllowLocalIP = true to continue.
[WebServer] [browser] Image with src "http://127.0.0.1:3000/images/home/kudos-logo.svg" has either width or height modified, but not the other. If you use CSS to change the size of your image, also include the styles 'width: "auto"' or 'height: "auto"' to maintain the aspect ratio.
[WebServer] [browser] Image with src "/images/kudos/kv-background.png" has either width or height modified, but not the other. If you use CSS to change the size of your image, also include the styles 'width: "auto"' or 'height: "auto"' to maintain the aspect ratio.
  ✓   64 [anon] › e2e/kudos-live-board.spec.ts:469:7 › Kudos Live Board screen — /kudos (anon) › K-14 — spotlight nodes present and search narrows them (1.3s)
[WebServer] ⨯ upstream image http://127.0.0.1:54321/storage/v1/object/public/kudos-attachments/504f5578-36a8-4017-b702-1e333fb8134d/1788762555958-87816d8a-4d00-4d62-98d8-963e7ead1352.jpg hostname resolved to private IP ["127.0.0.1"] If this is expected and you understand SSRF risk, use images.dangerouslyAllowLocalIP = true to continue.
  ✓   66 [anon] › e2e/kudos-live-board.spec.ts:489:7 › Kudos Live Board screen — /kudos (anon) › K-15 — spotlight pan/zoom and expand buttons have aria-pressed (1.6s)
  ✓   65 [anon] › e2e/award-system.spec.ts:457:7 › Award System screen — /awards-information (anon) › Deep link — /awards-information#mvp lands on the MVP section with its menu item active (1.7s)
[WebServer] ⨯ upstream image http://127.0.0.1:54321/storage/v1/object/public/kudos-attachments/504f5578-36a8-4017-b702-1e333fb8134d/1788762555958-87816d8a-4d00-4d62-98d8-963e7ead1352.jpg hostname resolved to private IP ["127.0.0.1"] If this is expected and you understand SSRF risk, use images.dangerouslyAllowLocalIP = true to continue.
  ✓   69 [anon] › e2e/kudos-live-board.spec.ts:503:7 › Kudos Live Board screen — /kudos (anon) › K-16 — spotlight ticker rows present (866ms)
  ✓   67 [anon] › e2e/homepage.spec.ts:297:7 › Homepage SAA — Anonymous Visitor (anon project) › ID-2/3/4/20 [FR-117] — nav items navigate to home from non-home route; clicking selected nav item scrolls to top instead of navigating (2.6s)
[WebServer] ⨯ upstream image http://127.0.0.1:54321/storage/v1/object/public/kudos-attachments/504f5578-36a8-4017-b702-1e333fb8134d/1788762555958-87816d8a-4d00-4d62-98d8-963e7ead1352.jpg hostname resolved to private IP ["127.0.0.1"] If this is expected and you understand SSRF risk, use images.dangerouslyAllowLocalIP = true to continue.
  ✓   70 [anon] › e2e/kudos-live-board.spec.ts:511:7 › Kudos Live Board screen — /kudos (anon) › K-17 — ALL KUDOS section renders heading and feed (787ms)
[WebServer] ⨯ upstream image http://127.0.0.1:54321/storage/v1/object/public/kudos-attachments/504f5578-36a8-4017-b702-1e333fb8134d/1788762555958-87816d8a-4d00-4d62-98d8-963e7ead1352.jpg hostname resolved to private IP ["127.0.0.1"] If this is expected and you understand SSRF risk, use images.dangerouslyAllowLocalIP = true to continue.
  ✓   72 [anon] › e2e/kudos-live-board.spec.ts:535:7 › Kudos Live Board screen — /kudos (anon) › K-18 — sidebar renders 5 stat rows in exact order (763ms)
  ✓   71 [anon] › e2e/homepage.spec.ts:332:7 › Homepage SAA — Anonymous Visitor (anon project) › ID-20 [FR-118] — footer logo scrolls to top when clicked on homepage (1.6s)
[WebServer] ⨯ upstream image http://127.0.0.1:54321/storage/v1/object/public/kudos-attachments/504f5578-36a8-4017-b702-1e333fb8134d/1788762555958-87816d8a-4d00-4d62-98d8-963e7ead1352.jpg hostname resolved to private IP ["127.0.0.1"] If this is expected and you understand SSRF risk, use images.dangerouslyAllowLocalIP = true to continue.
  ✓   73 [anon] › e2e/kudos-live-board.spec.ts:553:7 › Kudos Live Board screen — /kudos (anon) › K-19 — Secret Box button present with correct label and href (742ms)
[WebServer] ⨯ upstream image http://127.0.0.1:54321/storage/v1/object/public/kudos-attachments/504f5578-36a8-4017-b702-1e333fb8134d/1788762555958-87816d8a-4d00-4d62-98d8-963e7ead1352.jpg hostname resolved to private IP ["127.0.0.1"] If this is expected and you understand SSRF risk, use images.dangerouslyAllowLocalIP = true to continue.
  ✓   75 [anon] › e2e/kudos-live-board.spec.ts:565:7 › Kudos Live Board screen — /kudos (anon) › K-20 — gift leaderboard heading present (1.1s)
  ✓   74 [anon] › e2e/homepage.spec.ts:360:7 › Homepage SAA — Anonymous Visitor (anon project) › ID-41/42/43 [FR-110] — when event time passes, Coming soon hides and countdown holds at 00 (1.6s)
  ✓   77 [anon] › e2e/homepage.spec.ts:406:7 › Homepage SAA — Anonymous Visitor (anon project) › ID-24/30-35 [FR-111] — language menu: click opens/closes, outside click closes, Enter/Space open, Esc closes (1.2s)
  ✓   78 [anon] › e2e/homepage.spec.ts:448:7 › Homepage SAA — Anonymous Visitor (anon project) › ID-25/26 [FR-112] — selecting EN in language menu switches UI to English, selecting VN reverts to Vietnamese (1.3s)
  ✓   79 [anon] › e2e/homepage.spec.ts:494:7 › Homepage SAA — Anonymous Visitor (anon project) › ID-44/45 [FR-113] — CTA buttons navigate to Awards Information and Kudos routes (1.5s)
  ✓   80 [anon] › e2e/homepage.spec.ts:520:7 › Homepage SAA — Anonymous Visitor (anon project) › ID-47/48/49/50/52 [FR-114] — award card (image, title, Chi tiết) navigates to /awards-information#<slug> (4.0s)
  ✓   81 [anon] › e2e/homepage.spec.ts:551:7 › Homepage SAA — Anonymous Visitor (anon project) › ID-53 [FR-115] — Kudos section Chi tiết button navigates to /kudos (956ms)
  ✘   68 [profile-authed] › e2e/profile.spec.ts:136:7 › Profile screen — /profile (profile-authed) › TC_WEB_PROFILE_FUN_002 — ?id={self} canonicalizes to self view (no redirect) (16.7s)
  ✓   76 [anon] › e2e/kudos-live-board.spec.ts:575:7 › Kudos Live Board screen — /kudos (anon) › K-21 — placeholder routes /kudos/secret-box and /kudos/[id] render ComingSoon (12.0s)
[WebServer] ⨯ upstream image http://127.0.0.1:54321/storage/v1/object/public/kudos-attachments/504f5578-36a8-4017-b702-1e333fb8134d/1788762555958-87816d8a-4d00-4d62-98d8-963e7ead1352.jpg hostname resolved to private IP ["127.0.0.1"] If this is expected and you understand SSRF risk, use images.dangerouslyAllowLocalIP = true to continue.
[WebServer] [browser] Image with src "http://127.0.0.1:3000/images/home/kudos-logo.svg" has either width or height modified, but not the other. If you use CSS to change the size of your image, also include the styles 'width: "auto"' or 'height: "auto"' to maintain the aspect ratio.
[WebServer] [browser] Image with src "/images/kudos/kv-background.png" has either width or height modified, but not the other. If you use CSS to change the size of your image, also include the styles 'width: "auto"' or 'height: "auto"' to maintain the aspect ratio.
[WebServer] ⨯ upstream image http://127.0.0.1:54321/storage/v1/object/public/kudos-attachments/504f5578-36a8-4017-b702-1e333fb8134d/1788762555958-87816d8a-4d00-4d62-98d8-963e7ead1352.jpg hostname resolved to private IP ["127.0.0.1"] If this is expected and you understand SSRF risk, use images.dangerouslyAllowLocalIP = true to continue.
  ✓   83 [anon] › e2e/kudos-live-board.spec.ts:595:7 › Kudos Live Board screen — /kudos (anon) › K-22 — compose bar links to /kudos/new (944ms)
[WebServer] ⨯ upstream image http://127.0.0.1:54321/storage/v1/object/public/kudos-attachments/504f5578-36a8-4017-b702-1e333fb8134d/1788762555958-87816d8a-4d00-4d62-98d8-963e7ead1352.jpg hostname resolved to private IP ["127.0.0.1"] If this is expected and you understand SSRF risk, use images.dangerouslyAllowLocalIP = true to continue.
  ✓   82 [anon] › e2e/homepage.spec.ts:573:7 › Homepage SAA — Anonymous Visitor (anon project) › ID-55/59 [FR-116] — all footer links resolve without 404 errors (4.9s)
  ✓   85 [anon] › e2e/kudos-live-board.spec.ts:604:7 › Kudos Live Board screen — /kudos (anon) › K-23 — Sunner search maxlength is 100 (1.4s)
  ✘   84 [profile-authed] › e2e/profile.spec.ts:151:7 › Profile screen — /profile (profile-authed) › TC_WEB_PROFILE_FUN_003 — ?id={non-existent} returns 404 (2.0s)
  ✘   86 [profile-authed] › e2e/profile.spec.ts:162:7 › Profile screen — /profile (profile-authed) › TC_WEB_PROFILE_FUN_004 — malformed ?id values return 404 (1.5s)
  ✘   87 [profile-authed] › e2e/profile.spec.ts:177:7 › Profile screen — /profile (profile-authed) › TC_WEB_PROFILE_FUN_005 — empty and repeated ?id values (15.9s)
  ✘   88 [profile-authed] › e2e/profile.spec.ts:197:7 › Profile screen — /profile (profile-authed) › TC_WEB_PROFILE_GUI_001 — hero renders avatar, name, department, tier badge (15.9s)
  ✘   89 [profile-authed] › e2e/profile.spec.ts:210:7 › Profile screen — /profile (profile-authed) › TC_WEB_PROFILE_GUI_002 — 6 badge slots always rendered, all greyed (15.8s)
  ✘   90 [profile-authed] › e2e/profile.spec.ts:224:7 › Profile screen — /profile (profile-authed) › TC_WEB_PROFILE_GUI_003 — badge heading is first-person on self, neutral on other (15.8s)
  ✘   91 [profile-authed] › e2e/profile.spec.ts:238:7 › Profile screen — /profile (profile-authed) › TC_WEB_PROFILE_GUI_009 — sparse profile renders without broken elements (15.8s)
  ✘   92 [profile-authed] › e2e/profile.spec.ts:256:7 › Profile screen — /profile (profile-authed) › TC_WEB_PROFILE_GUI_004 — self view shows 5 statistics rows (15.8s)
  ✘   93 [profile-authed] › e2e/profile.spec.ts:273:7 › Profile screen — /profile (profile-authed) › TC_WEB_PROFILE_GUI_005 — Secret Box rows show 0, button is disabled (15.8s)
  ✘   94 [profile-authed] › e2e/profile.spec.ts:301:7 › Profile screen — /profile (profile-authed) › TC_WEB_PROFILE_FUN_006 — another's profile shows write-Kudo bar, no stats (15.8s)
  ✘   95 [profile-authed] › e2e/profile.spec.ts:316:7 › Profile screen — /profile (profile-authed) › TC_WEB_PROFILE_FUN_007 — write-Kudo bar links to /kudos/new?receiverId={id} (30.3s)
  ✘   96 [profile-authed] › e2e/profile.spec.ts:328:7 › Profile screen — /profile (profile-authed) › TC_WEB_PROFILE_FUN_008 — own profile shows stats, no write-Kudo bar (15.8s)
  ✘   97 [profile-authed] › e2e/profile.spec.ts:346:7 › Profile screen — /profile (profile-authed) › TC_WEB_PROFILE_FUN_009 — self view dropdown offers both Received and Sent (15.8s)
  ✘   98 [profile-authed] › e2e/profile.spec.ts:363:7 › Profile screen — /profile (profile-authed) › TC_WEB_PROFILE_SEC_001 — another's profile dropdown shows Received only (15.8s)
  ✘   99 [profile-authed] › e2e/profile.spec.ts:383:7 › Profile screen — /profile (profile-authed) › TC_WEB_PROFILE_FUN_010 — switching direction discards previous pages (30.3s)
  ✘  100 [profile-authed] › e2e/profile.spec.ts:401:7 › Profile screen — /profile (profile-authed) › TC_WEB_PROFILE_FUN_011 — re-picking active direction is a no-op (30.4s)
  ✘  101 [profile-authed] › e2e/profile.spec.ts:419:7 › Profile screen — /profile (profile-authed) › TC_WEB_PROFILE_FUN_012 — each direction has its own empty state copy (16.1s)
  ✘  102 [profile-authed] › e2e/profile.spec.ts:446:7 › Profile screen — /profile (profile-authed) › TC_WEB_PROFILE_FUN_013 — feed paging with infinite scroll and end-of-feed message (16.3s)
  ✘  103 [profile-authed] › e2e/profile.spec.ts:473:7 › Profile screen — /profile (profile-authed) › TC_WEB_PROFILE_GUI_006 — feed cards match board format (shape and masking) (16.0s)
  ✓  104 [profile-authed] › e2e/profile.spec.ts:493:7 › Profile screen — /profile (profile-authed) › TC_WEB_PROFILE_GUI_007 — no Spam chip on cards (790ms)
  ✘  105 [profile-authed] › e2e/profile.spec.ts:509:7 › Profile screen — /profile (profile-authed) › TC_WEB_PROFILE_FUN_014 — heart toggle updates count to server value (15.7s)
  ✓  106 [profile-authed] › e2e/profile.spec.ts:541:7 › Profile screen — /profile (profile-authed) › TC_WEB_PROFILE_FUN_015 — hashtag click navigates to filtered board (788ms)
  ✘  107 [profile-authed] › e2e/profile.spec.ts:568:7 › Profile screen — /profile (profile-authed) › TC_WEB_PROFILE_SEC_002 — own anonymous Kudo appears in Sent list (30.3s)
  ✓  108 [profile-authed] › e2e/profile.spec.ts:632:7 › Profile screen — /profile (profile-authed) › TC_WEB_PROFILE_SEC_004 — page contains no email or auth uuid (853ms)


  1) [anon] › e2e/homepage.spec.ts:269:7 › Homepage SAA — Anonymous Visitor (anon project) › ID-39 [FR-109] — countdown decreases in real time without a page reload 

    Error: expect(received).toBeGreaterThan(expected)

    Expected: > 1
    Received:   1

      291 |     // This proves the component updated without a page reload
      292 |     const distinctStates = new Set(samples.map((s) => `${s.days}:${s.hours}:${s.minutes}`));
    > 293 |     expect(distinctStates.size).toBeGreaterThan(1);
          |                                 ^
      294 |   });
      295 |
      296 |   // ID-2/ID-3/ID-4/ID-20: Nav item behaviour — navigate from non-home, scroll-to-top when already selected
        at /mnt/c/Users/nguyen.van.dungc/Desktop/project/my-app/e2e/homepage.spec.ts:293:33

    Error Context: test-results/homepage-Homepage-SAA-—-An-795b5--time-without-a-page-reload-anon/error-context.md

  2) [profile-authed] › e2e/profile.spec.ts:124:7 › Profile screen — /profile (profile-authed) › TC_WEB_PROFILE_FUN_001 — /profile?id={other} renders that Sunner's profile 

    Error: expect(locator).toBeVisible() failed

    Locator: getByTestId('profile-hero')
    Expected: visible
    Timeout: 15000ms
    Error: element(s) not found

    Call log:
      - Expect "toBeVisible" with timeout 15000ms
      - waiting for getByTestId('profile-hero')


      128 |
      129 |     const hero = heroElement(page);
    > 130 |     await expect(hero).toBeVisible();
          |                        ^
      131 |
      132 |     // Assert hero shows the viewed Sunner (not the logged-in viewer)
      133 |     await expect(hero).toContainText(FRAME_RECEIVER_NAME);
        at /mnt/c/Users/nguyen.van.dungc/Desktop/project/my-app/e2e/profile.spec.ts:130:24

    Error Context: test-results/profile-Profile-screen-—-p-1404e-nders-that-Sunner-s-profile-profile-authed/error-context.md

  3) [profile-authed] › e2e/profile.spec.ts:136:7 › Profile screen — /profile (profile-authed) › TC_WEB_PROFILE_FUN_002 — ?id={self} canonicalizes to self view (no redirect) 

    Error: expect(locator).toBeVisible() failed

    Locator: getByTestId('profile-stats-card')
    Expected: visible
    Timeout: 15000ms
    Error: element(s) not found

    Call log:
      - Expect "toBeVisible" with timeout 15000ms
      - waiting for getByTestId('profile-stats-card')


      146 |     // Self view shows stats card (not a write bar)
      147 |     const stats = statCard(page);
    > 148 |     await expect(stats).toBeVisible();
          |                         ^
      149 |   });
      150 |
      151 |   test("TC_WEB_PROFILE_FUN_003 — ?id={non-existent} returns 404", async ({
        at /mnt/c/Users/nguyen.van.dungc/Desktop/project/my-app/e2e/profile.spec.ts:148:25

    Error Context: test-results/profile-Profile-screen-—-p-3eb6f-s-to-self-view-no-redirect--profile-authed/error-context.md

  4) [profile-authed] › e2e/profile.spec.ts:151:7 › Profile screen — /profile (profile-authed) › TC_WEB_PROFILE_FUN_003 — ?id={non-existent} returns 404 

    Error: expect(received).toBe(expected) // Object.is equality

    Expected: 404
    Received: 200

      155 |
      156 |     // Next.js notFound() renders at requested URL with 404 status (no redirect to /not-found)
    > 157 |     expect(res?.status()).toBe(404);
          |                           ^
      158 |     // Profile content not rendered on 404
      159 |     await expect(heroElement(page)).toHaveCount(0);
      160 |   });
        at /mnt/c/Users/nguyen.van.dungc/Desktop/project/my-app/e2e/profile.spec.ts:157:27

    Error Context: test-results/profile-Profile-screen-—-p-95536-id-non-existent-returns-404-profile-authed/error-context.md

  5) [profile-authed] › e2e/profile.spec.ts:162:7 › Profile screen — /profile (profile-authed) › TC_WEB_PROFILE_FUN_004 — malformed ?id values return 404 

    Error: expect(received).toBe(expected) // Object.is equality

    Expected: 404
    Received: 200

      170 |       });
      171 |       // Each malformed id returns 404 with no profile content
    > 172 |       expect(res?.status()).toBe(404);
          |                             ^
      173 |       await expect(heroElement(page)).toHaveCount(0);
      174 |     }
      175 |   });
        at /mnt/c/Users/nguyen.van.dungc/Desktop/project/my-app/e2e/profile.spec.ts:172:29

    Error Context: test-results/profile-Profile-screen-—-p-28c05-formed-id-values-return-404-profile-authed/error-context.md

  6) [profile-authed] › e2e/profile.spec.ts:177:7 › Profile screen — /profile (profile-authed) › TC_WEB_PROFILE_FUN_005 — empty and repeated ?id values 

    Error: expect(locator).toBeVisible() failed

    Locator: getByTestId('profile-stats-card')
    Expected: visible
    Timeout: 15000ms
    Error: element(s) not found

    Call log:
      - Expect "toBeVisible" with timeout 15000ms
      - waiting for getByTestId('profile-stats-card')


      181 |     await page.goto(`${ROUTE}?id=`);
      182 |     const stats = statCard(page);
    > 183 |     await expect(stats).toBeVisible();
          |                         ^
      184 |
      185 |     // Repeated ?id=1&id=2 returns 404
      186 |     const res = await page.goto(`${ROUTE}?id=${FRAME_VIEWER_ID}&id=${FRAME_RECEIVER_ID}`, {
        at /mnt/c/Users/nguyen.van.dungc/Desktop/project/my-app/e2e/profile.spec.ts:183:25

    Error Context: test-results/profile-Profile-screen-—-p-6fa3d-mpty-and-repeated-id-values-profile-authed/error-context.md

  7) [profile-authed] › e2e/profile.spec.ts:197:7 › Profile screen — /profile (profile-authed) › TC_WEB_PROFILE_GUI_001 — hero renders avatar, name, department, tier badge 

    Error: expect(locator).toBeVisible() failed

    Locator: getByTestId('profile-hero')
    Expected: visible
    Timeout: 15000ms
    Error: element(s) not found

    Call log:
      - Expect "toBeVisible" with timeout 15000ms
      - waiting for getByTestId('profile-hero')


      201 |
      202 |     const hero = heroElement(page);
    > 203 |     await expect(hero).toBeVisible();
          |                        ^
      204 |
      205 |     // AMEND-1: No stars are implemented (not in design)
      206 |     // Assert the hero contains the viewer's name
        at /mnt/c/Users/nguyen.van.dungc/Desktop/project/my-app/e2e/profile.spec.ts:203:24

    Error Context: test-results/profile-Profile-screen-—-p-761c2--name-department-tier-badge-profile-authed/error-context.md

  8) [profile-authed] › e2e/profile.spec.ts:210:7 › Profile screen — /profile (profile-authed) › TC_WEB_PROFILE_GUI_002 — 6 badge slots always rendered, all greyed 

    Error: expect(locator).toHaveCount(expected) failed

    Locator:  getByTestId('profile-badge-slot')
    Expected: 6
    Received: 0
    Timeout:  15000ms

    Call log:
      - Expect "toHaveCount" with timeout 15000ms
      - waiting for getByTestId('profile-badge-slot')
        34 × locator resolved to 0 elements
           - unexpected value "0"


      214 |
      215 |     const slots = badgeSlot(page);
    > 216 |     await expect(slots).toHaveCount(BADGE_SLOT_COUNT);
          |                         ^
      217 |
      218 |     // All slots should be visible (not unlocked, not hidden)
      219 |     for (let i = 0; i < BADGE_SLOT_COUNT; i++) {
        at /mnt/c/Users/nguyen.van.dungc/Desktop/project/my-app/e2e/profile.spec.ts:216:25

    Error Context: test-results/profile-Profile-screen-—-p-812dc--always-rendered-all-greyed-profile-authed/error-context.md

  9) [profile-authed] › e2e/profile.spec.ts:224:7 › Profile screen — /profile (profile-authed) › TC_WEB_PROFILE_GUI_003 — badge heading is first-person on self, neutral on other 

    Error: expect(locator).toContainText(expected) failed

    Locator: getByTestId('profile-badge-row')
    Expected substring: "Bộ sưu tập icon của tôi"
    Timeout: 15000ms
    Error: element(s) not found

    Call log:
      - Expect "toContainText" with timeout 15000ms
      - waiting for getByTestId('profile-badge-row')


      227 |     // Self view: first-person heading
      228 |     await page.goto(ROUTE);
    > 229 |     await expect(badgeRow(page)).toContainText("Bộ sưu tập icon của tôi");
          |                                  ^
      230 |
      231 |     // Other's view: neutral heading
      232 |     await page.goto(`${ROUTE}?id=${FRAME_RECEIVER_ID}`);
        at /mnt/c/Users/nguyen.van.dungc/Desktop/project/my-app/e2e/profile.spec.ts:229:34

    Error Context: test-results/profile-Profile-screen-—-p-ebcd7-on-on-self-neutral-on-other-profile-authed/error-context.md

  10) [profile-authed] › e2e/profile.spec.ts:238:7 › Profile screen — /profile (profile-authed) › TC_WEB_PROFILE_GUI_009 — sparse profile renders without broken elements 

    Error: expect(locator).toBeVisible() failed

    Locator: getByTestId('profile-hero')
    Expected: visible
    Timeout: 15000ms
    Error: element(s) not found

    Call log:
      - Expect "toBeVisible" with timeout 15000ms
      - waiting for getByTestId('profile-hero')


      243 |
      244 |     const hero = heroElement(page);
    > 245 |     await expect(hero).toBeVisible();
          |                        ^
      246 |
      247 |     // 6 badge slots still render
      248 |     const slots = badgeSlot(page);
        at /mnt/c/Users/nguyen.van.dungc/Desktop/project/my-app/e2e/profile.spec.ts:245:24

    Error Context: test-results/profile-Profile-screen-—-p-77de3-ers-without-broken-elements-profile-authed/error-context.md

  11) [profile-authed] › e2e/profile.spec.ts:256:7 › Profile screen — /profile (profile-authed) › TC_WEB_PROFILE_GUI_004 — self view shows 5 statistics rows 

    Error: expect(locator).toBeVisible() failed

    Locator: getByTestId('profile-stats-card')
    Expected: visible
    Timeout: 15000ms
    Error: element(s) not found

    Call log:
      - Expect "toBeVisible" with timeout 15000ms
      - waiting for getByTestId('profile-stats-card')


      260 |
      261 |     const stats = statCard(page);
    > 262 |     await expect(stats).toBeVisible();
          |                         ^
      263 |
      264 |     // Check all 5 stat labels are present
      265 |     const rows = statRow(page);
        at /mnt/c/Users/nguyen.van.dungc/Desktop/project/my-app/e2e/profile.spec.ts:262:25

    Error Context: test-results/profile-Profile-screen-—-p-a59df-iew-shows-5-statistics-rows-profile-authed/error-context.md

  12) [profile-authed] › e2e/profile.spec.ts:273:7 › Profile screen — /profile (profile-authed) › TC_WEB_PROFILE_GUI_005 — Secret Box rows show 0, button is disabled 

    Error: expect(locator).toContainText(expected) failed

    Locator: getByTestId('profile-stats-card')
    Expected substring: "Số Secret Box bạn đã mở:"
    Timeout: 15000ms
    Error: element(s) not found

    Call log:
      - Expect "toContainText" with timeout 15000ms
      - waiting for getByTestId('profile-stats-card')


      279 |
      280 |     // Secret Box opened and unopened should both be 0
    > 281 |     await expect(stats).toContainText("Số Secret Box bạn đã mở:");
          |                         ^
      282 |     await expect(stats).toContainText("Số Secret Box chưa mở:");
      283 |
      284 |     // Verify the values are 0 by checking the stat rows
        at /mnt/c/Users/nguyen.van.dungc/Desktop/project/my-app/e2e/profile.spec.ts:281:25

    Error Context: test-results/profile-Profile-screen-—-p-b5a33-s-show-0-button-is-disabled-profile-authed/error-context.md

  13) [profile-authed] › e2e/profile.spec.ts:301:7 › Profile screen — /profile (profile-authed) › TC_WEB_PROFILE_FUN_006 — another's profile shows write-Kudo bar, no stats 

    Error: expect(locator).toBeVisible() failed

    Locator: getByTestId('profile-write-bar')
    Expected: visible
    Timeout: 15000ms
    Error: element(s) not found

    Call log:
      - Expect "toBeVisible" with timeout 15000ms
      - waiting for getByTestId('profile-write-bar')


      306 |     // Write bar is shown
      307 |     const bar = writeBar(page);
    > 308 |     await expect(bar).toBeVisible();
          |                       ^
      309 |     await expect(bar).toContainText(FRAME_RECEIVER_NAME);
      310 |
      311 |     // Stats card is NOT shown on another's profile
        at /mnt/c/Users/nguyen.van.dungc/Desktop/project/my-app/e2e/profile.spec.ts:308:23

    Error Context: test-results/profile-Profile-screen-—-p-da7af-ows-write-Kudo-bar-no-stats-profile-authed/error-context.md

  14) [profile-authed] › e2e/profile.spec.ts:316:7 › Profile screen — /profile (profile-authed) › TC_WEB_PROFILE_FUN_007 — write-Kudo bar links to /kudos/new?receiverId={id} 

    Test timeout of 30000ms exceeded.

    Error: locator.getAttribute: Test timeout of 30000ms exceeded.
    Call log:
      - waiting for getByTestId('profile-write-bar').getByRole('link')


      322 |     // The bar should link to /kudos/new with receiverId
      323 |     const link = bar.getByRole("link");
    > 324 |     const href = await link.getAttribute("href");
          |                             ^
      325 |     expect(href).toMatch(new RegExp(`/kudos/new\\?receiverId=${FRAME_RECEIVER_ID}`));
      326 |   });
      327 |
        at /mnt/c/Users/nguyen.van.dungc/Desktop/project/my-app/e2e/profile.spec.ts:324:29

    Error Context: test-results/profile-Profile-screen-—-p-cc754-to-kudos-new-receiverId-id--profile-authed/error-context.md

  15) [profile-authed] › e2e/profile.spec.ts:328:7 › Profile screen — /profile (profile-authed) › TC_WEB_PROFILE_FUN_008 — own profile shows stats, no write-Kudo bar 

    Error: expect(locator).toBeVisible() failed

    Locator: getByTestId('profile-stats-card')
    Expected: visible
    Timeout: 15000ms
    Error: element(s) not found

    Call log:
      - Expect "toBeVisible" with timeout 15000ms
      - waiting for getByTestId('profile-stats-card')


      333 |     // Stats card is shown
      334 |     const stats = statCard(page);
    > 335 |     await expect(stats).toBeVisible();
          |                         ^
      336 |
      337 |     // Write bar is NOT shown on own profile
      338 |     const bar = writeBar(page);
        at /mnt/c/Users/nguyen.van.dungc/Desktop/project/my-app/e2e/profile.spec.ts:335:25

    Error Context: test-results/profile-Profile-screen-—-p-6005e-ows-stats-no-write-Kudo-bar-profile-authed/error-context.md

  16) [profile-authed] › e2e/profile.spec.ts:346:7 › Profile screen — /profile (profile-authed) › TC_WEB_PROFILE_FUN_009 — self view dropdown offers both Received and Sent 

    Error: expect(locator).toContainText(expected) failed

    Locator: getByTestId('profile-direction-trigger')
    Expected substring: "Đã nhận"
    Timeout: 15000ms
    Error: element(s) not found

    Call log:
      - Expect "toContainText" with timeout 15000ms
      - waiting for getByTestId('profile-direction-trigger')


      350 |
      351 |     const trigger = directionTrigger(page);
    > 352 |     await expect(trigger).toContainText(DIRECTION_LABELS.received); // Received is default active
          |                           ^
      353 |
      354 |     // Open dropdown
      355 |     await trigger.click();
        at /mnt/c/Users/nguyen.van.dungc/Desktop/project/my-app/e2e/profile.spec.ts:352:27

    Error Context: test-results/profile-Profile-screen-—-p-ff3d1-fers-both-Received-and-Sent-profile-authed/error-context.md

  17) [profile-authed] › e2e/profile.spec.ts:363:7 › Profile screen — /profile (profile-authed) › TC_WEB_PROFILE_SEC_001 — another's profile dropdown shows Received only 

    Error: expect(locator).toContainText(expected) failed

    Locator: getByTestId('profile-direction-trigger')
    Expected substring: "Đã nhận"
    Timeout: 15000ms
    Error: element(s) not found

    Call log:
      - Expect "toContainText" with timeout 15000ms
      - waiting for getByTestId('profile-direction-trigger')


      367 |
      368 |     const trigger = directionTrigger(page);
    > 369 |     await expect(trigger).toContainText(DIRECTION_LABELS.received);
          |                           ^
      370 |
      371 |     // Open dropdown
      372 |     await trigger.click();
        at /mnt/c/Users/nguyen.van.dungc/Desktop/project/my-app/e2e/profile.spec.ts:369:27

    Error Context: test-results/profile-Profile-screen-—-p-8e57c-ropdown-shows-Received-only-profile-authed/error-context.md

  18) [profile-authed] › e2e/profile.spec.ts:383:7 › Profile screen — /profile (profile-authed) › TC_WEB_PROFILE_FUN_010 — switching direction discards previous pages 

    Test timeout of 30000ms exceeded.

    Error: locator.click: Test timeout of 30000ms exceeded.
    Call log:
      - waiting for getByTestId('profile-direction-trigger')


      390 |
      391 |     // Switch to Sent
    > 392 |     await trigger.click();
          |                   ^
      393 |     const sentOption = page.getByText(DIRECTION_LABELS.sent);
      394 |     await expect(sentOption).toBeVisible();
      395 |     await sentOption.click();
        at /mnt/c/Users/nguyen.van.dungc/Desktop/project/my-app/e2e/profile.spec.ts:392:19

    Error Context: test-results/profile-Profile-screen-—-p-b3098-ion-discards-previous-pages-profile-authed/error-context.md

  19) [profile-authed] › e2e/profile.spec.ts:401:7 › Profile screen — /profile (profile-authed) › TC_WEB_PROFILE_FUN_011 — re-picking active direction is a no-op 

    Test timeout of 30000ms exceeded.

    Error: locator.textContent: Test timeout of 30000ms exceeded.
    Call log:
      - waiting for getByTestId('profile-direction-trigger')


      405 |
      406 |     const trigger = directionTrigger(page);
    > 407 |     const initialText = await trigger.textContent();
          |                                       ^
      408 |
      409 |     // Click active direction again
      410 |     await trigger.click();
        at /mnt/c/Users/nguyen.van.dungc/Desktop/project/my-app/e2e/profile.spec.ts:407:39

    Error Context: test-results/profile-Profile-screen-—-p-7f98c-active-direction-is-a-no-op-profile-authed/error-context.md

  20) [profile-authed] › e2e/profile.spec.ts:419:7 › Profile screen — /profile (profile-authed) › TC_WEB_PROFILE_FUN_012 — each direction has its own empty state copy 

    Error: expect(locator).toContainText(expected) failed

    Locator: getByTestId('profile-feed')
    Expected substring: "Hiện tại chưa có Kudos nào."
    Timeout: 15000ms
    Error: element(s) not found

    Call log:
      - Expect "toContainText" with timeout 15000ms
      - waiting for getByTestId('profile-feed')


      429 |
      430 |     // Check Received empty state
    > 431 |     await expect(feedArea).toContainText(EMPTY_STATES.received);
          |                            ^
      432 |
      433 |     // Switch to Sent and check its empty state
      434 |     const trigger = directionTrigger(page);
        at /mnt/c/Users/nguyen.van.dungc/Desktop/project/my-app/e2e/profile.spec.ts:431:28

    Error Context: test-results/profile-Profile-screen-—-p-c48e7-as-its-own-empty-state-copy-profile-authed/error-context.md

  21) [profile-authed] › e2e/profile.spec.ts:446:7 › Profile screen — /profile (profile-authed) › TC_WEB_PROFILE_FUN_013 — feed paging with infinite scroll and end-of-feed message 

    Error: expect(locator).toBeVisible() failed

    Locator: getByTestId('profile-feed')
    Expected: visible
    Timeout: 15000ms
    Error: element(s) not found

    Call log:
      - Expect "toBeVisible" with timeout 15000ms
      - waiting for getByTestId('profile-feed')


      451 |
      452 |     const feedArea = feed(page);
    > 453 |     await expect(feedArea).toBeVisible();
          |                            ^
      454 |
      455 |     // At id=2 (frame receiver) there should be 25 seeded received Kudos
      456 |     // Verify at least some cards are visible
        at /mnt/c/Users/nguyen.van.dungc/Desktop/project/my-app/e2e/profile.spec.ts:453:28

    Error Context: test-results/profile-Profile-screen-—-p-b42b1-oll-and-end-of-feed-message-profile-authed/error-context.md

  22) [profile-authed] › e2e/profile.spec.ts:473:7 › Profile screen — /profile (profile-authed) › TC_WEB_PROFILE_GUI_006 — feed cards match board format (shape and masking) 

    Error: expect(locator).toBeVisible() failed

    Locator: getByTestId('kudos-card').first()
    Expected: visible
    Timeout: 15000ms
    Error: element(s) not found

    Call log:
      - Expect "toBeVisible" with timeout 15000ms
      - waiting for getByTestId('kudos-card').first()


      477 |
      478 |     const card = kudosCard(page).first();
    > 479 |     await expect(card).toBeVisible();
          |                        ^
      480 |
      481 |     // Card should have sender, receiver, and other board elements
      482 |     const sender = kudosSender(page, card);
        at /mnt/c/Users/nguyen.van.dungc/Desktop/project/my-app/e2e/profile.spec.ts:479:24

    Error Context: test-results/profile-Profile-screen-—-p-0c256-d-format-shape-and-masking--profile-authed/error-context.md

  23) [profile-authed] › e2e/profile.spec.ts:509:7 › Profile screen — /profile (profile-authed) › TC_WEB_PROFILE_FUN_014 — heart toggle updates count to server value 

    Error: expect(locator).toBeEnabled() failed

    Locator: getByTestId('kudos-card').first().getByTestId('kudos-heart')
    Expected: enabled
    Timeout: 15000ms
    Error: element(s) not found

    Call log:
      - Expect "toBeEnabled" with timeout 15000ms
      - waiting for getByTestId('kudos-card').first().getByTestId('kudos-heart')


      517 |
      518 |     // Verify heart is enabled (not sender's own kudo)
    > 519 |     await expect(heart).toBeEnabled();
          |                         ^
      520 |
      521 |     // Capture initial state
      522 |     const initialPressed = await heart.getAttribute("aria-pressed");
        at /mnt/c/Users/nguyen.van.dungc/Desktop/project/my-app/e2e/profile.spec.ts:519:25

    Error Context: test-results/profile-Profile-screen-—-p-2be66-dates-count-to-server-value-profile-authed/error-context.md

  24) [profile-authed] › e2e/profile.spec.ts:568:7 › Profile screen — /profile (profile-authed) › TC_WEB_PROFILE_SEC_002 — own anonymous Kudo appears in Sent list 

    Test timeout of 30000ms exceeded.

    Error: locator.click: Test timeout of 30000ms exceeded.
    Call log:
      - waiting for getByTestId('profile-direction-trigger')


      618 |
      619 |     const trigger = directionTrigger(page);
    > 620 |     await trigger.click();
          |                   ^
      621 |
      622 |     const sentOption = page.getByText(DIRECTION_LABELS.sent);
      623 |     await expect(sentOption).toBeVisible();
        at /mnt/c/Users/nguyen.van.dungc/Desktop/project/my-app/e2e/profile.spec.ts:620:19

    Error Context: test-results/profile-Profile-screen-—-p-e9a74-s-Kudo-appears-in-Sent-list-profile-authed/error-context.md

  24 failed
    [anon] › e2e/homepage.spec.ts:269:7 › Homepage SAA — Anonymous Visitor (anon project) › ID-39 [FR-109] — countdown decreases in real time without a page reload 
    [profile-authed] › e2e/profile.spec.ts:124:7 › Profile screen — /profile (profile-authed) › TC_WEB_PROFILE_FUN_001 — /profile?id={other} renders that Sunner's profile 
    [profile-authed] › e2e/profile.spec.ts:136:7 › Profile screen — /profile (profile-authed) › TC_WEB_PROFILE_FUN_002 — ?id={self} canonicalizes to self view (no redirect) 
    [profile-authed] › e2e/profile.spec.ts:151:7 › Profile screen — /profile (profile-authed) › TC_WEB_PROFILE_FUN_003 — ?id={non-existent} returns 404 
    [profile-authed] › e2e/profile.spec.ts:162:7 › Profile screen — /profile (profile-authed) › TC_WEB_PROFILE_FUN_004 — malformed ?id values return 404 
    [profile-authed] › e2e/profile.spec.ts:177:7 › Profile screen — /profile (profile-authed) › TC_WEB_PROFILE_FUN_005 — empty and repeated ?id values 
    [profile-authed] › e2e/profile.spec.ts:197:7 › Profile screen — /profile (profile-authed) › TC_WEB_PROFILE_GUI_001 — hero renders avatar, name, department, tier badge 
    [profile-authed] › e2e/profile.spec.ts:210:7 › Profile screen — /profile (profile-authed) › TC_WEB_PROFILE_GUI_002 — 6 badge slots always rendered, all greyed 
    [profile-authed] › e2e/profile.spec.ts:224:7 › Profile screen — /profile (profile-authed) › TC_WEB_PROFILE_GUI_003 — badge heading is first-person on self, neutral on other 
    [profile-authed] › e2e/profile.spec.ts:238:7 › Profile screen — /profile (profile-authed) › TC_WEB_PROFILE_GUI_009 — sparse profile renders without broken elements 
    [profile-authed] › e2e/profile.spec.ts:256:7 › Profile screen — /profile (profile-authed) › TC_WEB_PROFILE_GUI_004 — self view shows 5 statistics rows 
    [profile-authed] › e2e/profile.spec.ts:273:7 › Profile screen — /profile (profile-authed) › TC_WEB_PROFILE_GUI_005 — Secret Box rows show 0, button is disabled 
    [profile-authed] › e2e/profile.spec.ts:301:7 › Profile screen — /profile (profile-authed) › TC_WEB_PROFILE_FUN_006 — another's profile shows write-Kudo bar, no stats 
    [profile-authed] › e2e/profile.spec.ts:316:7 › Profile screen — /profile (profile-authed) › TC_WEB_PROFILE_FUN_007 — write-Kudo bar links to /kudos/new?receiverId={id} 
    [profile-authed] › e2e/profile.spec.ts:328:7 › Profile screen — /profile (profile-authed) › TC_WEB_PROFILE_FUN_008 — own profile shows stats, no write-Kudo bar 
    [profile-authed] › e2e/profile.spec.ts:346:7 › Profile screen — /profile (profile-authed) › TC_WEB_PROFILE_FUN_009 — self view dropdown offers both Received and Sent 
    [profile-authed] › e2e/profile.spec.ts:363:7 › Profile screen — /profile (profile-authed) › TC_WEB_PROFILE_SEC_001 — another's profile dropdown shows Received only 
    [profile-authed] › e2e/profile.spec.ts:383:7 › Profile screen — /profile (profile-authed) › TC_WEB_PROFILE_FUN_010 — switching direction discards previous pages 
    [profile-authed] › e2e/profile.spec.ts:401:7 › Profile screen — /profile (profile-authed) › TC_WEB_PROFILE_FUN_011 — re-picking active direction is a no-op 
    [profile-authed] › e2e/profile.spec.ts:419:7 › Profile screen — /profile (profile-authed) › TC_WEB_PROFILE_FUN_012 — each direction has its own empty state copy 
    [profile-authed] › e2e/profile.spec.ts:446:7 › Profile screen — /profile (profile-authed) › TC_WEB_PROFILE_FUN_013 — feed paging with infinite scroll and end-of-feed message 
    [profile-authed] › e2e/profile.spec.ts:473:7 › Profile screen — /profile (profile-authed) › TC_WEB_PROFILE_GUI_006 — feed cards match board format (shape and masking) 
    [profile-authed] › e2e/profile.spec.ts:509:7 › Profile screen — /profile (profile-authed) › TC_WEB_PROFILE_FUN_014 — heart toggle updates count to server value 
    [profile-authed] › e2e/profile.spec.ts:568:7 › Profile screen — /profile (profile-authed) › TC_WEB_PROFILE_SEC_002 — own anonymous Kudo appears in Sent list 
  84 passed (9.0m)
